06-30 05:46:49.628 18594 18594 F com.cccs.xxjz: runtime.cc:669] "BDStatCore" prio=4 tid=102 Native
06-30 05:46:49.628 18594 18594 F com.cccs.xxjz: runtime.cc:669]   | group="" sCount=1 ucsCount=0 flags=1 obj=0x13780d40 self=0x72cdf6936560
06-30 05:46:49.628 18594 18594 F com.cccs.xxjz: runtime.cc:669]   | sysTid=18814 nice=10 cgrp=background sched=0/0 handle=0x72cc047c4cf0
06-30 05:46:49.628 18594 18594 F com.cccs.xxjz: runtime.cc:669]   | state=S schedstat=( 344069 1711189 3 ) utm=0 stm=0 core=0 HZ=100
06-30 05:46:49.628 18594 18594 F com.cccs.xxjz: runtime.cc:669]   | stack=0x72cc046c2000-0x72cc046c4000 stackSize=1035KB
06-30 05:46:49.628 18594 18594 F com.cccs.xxjz: runtime.cc:669]   | held mutexes=
06-30 05:46:49.628 18594 18594 F com.cccs.xxjz: runtime.cc:669]   native: #00 pc 00000000000b39aa  /apex/com.android.runtime/lib64/bionic/libc.so (__epoll_pwait+10)
06-30 05:46:49.628 18594 18594 F com.cccs.xxjz: runtime.cc:669]   native: #01 pc 000000000001817a  /system/lib64/libutils.so (android::Looper::pollInner(int)+250)
06-30 05:46:49.628 18594 18594 F com.cccs.xxjz: runtime.cc:669]   native: #02 pc 000000000001801e  /system/lib64/libutils.so (android::Looper::pollOnce(int, int*, int*, void**)+126)
06-30 05:46:49.628 18594 18594 F com.cccs.xxjz: runtime.cc:669]   native: #03 pc 000000000015d253  /system/lib64/libandroid_runtime.so (android::android_os_MessageQueue_nativePollOnce(_JNIEnv*, _jobject*, long, int)+35)
06-30 05:46:49.628 18594 18594 F com.cccs.xxjz: runtime.cc:669]   at android.os.MessageQueue.nativePollOnce(Native method)
06-30 05:46:49.628 18594 18594 F com.cccs.xxjz: runtime.cc:669]   at android.os.MessageQueue.next(MessageQueue.java:335)
06-30 05:46:49.628 18594 18594 F com.cccs.xxjz: runtime.cc:669]   at android.os.Looper.loopOnce(Looper.java:161)
06-30 05:46:49.628 18594 18594 F com.cccs.xxjz: runtime.cc:669]   at android.os.Looper.loop(Looper.java:288)
06-30 05:46:49.628 18594 18594 F com.cccs.xxjz: runtime.cc:669]   at android.os.HandlerThread.run(HandlerThread.java:67)
06-30 05:46:49.628 18594 18594 F com.cccs.xxjz: runtime.cc:669] 
06-30 05:46:49.628 18594 18594 F com.cccs.xxjz: runtime.cc:669] "dataAnalyzeThread" prio=5 tid=103 Native
06-30 05:46:49.628 18594 18594 F com.cccs.xxjz: runtime.cc:669]   | group="" sCount=1 ucsCount=0 flags=1 obj=0x13780e20 self=0x72cdf6932dc0
06-30 05:46:49.628 18594 18594 F com.cccs.xxjz: runtime.cc:669]   | sysTid=18815 nice=0 cgrp=top-app sched=0/0 handle=0x72cc048cdcf0
06-30 05:46:49.628 18594 18594 F com.cccs.xxjz: runtime.cc:669]   | state=S schedstat=( 125822 1951714 2 ) utm=0 stm=0 core=0 HZ=100
06-30 05:46:49.628 18594 18594 F com.cccs.xxjz: runtime.cc:669]   | stack=0x72cc047cb000-0x72cc047cd000 stackSize=1035KB
06-30 05:46:49.628 18594 18594 F com.cccs.xxjz: runtime.cc:669]   | held mutexes=
06-30 05:46:49.628 18594 18594 F com.cccs.xxjz: runtime.cc:669]   native: #00 pc 00000000000b39aa  /apex/com.android.runtime/lib64/bionic/libc.so (__epoll_pwait+10)
06-30 05:46:49.628 18594 18594 F com.cccs.xxjz: runtime.cc:669]   native: #01 pc 000000000001817a  /system/lib64/libutils.so (android::Looper::pollInner(int)+250)
06-30 05:46:49.628 18594 18594 F com.cccs.xxjz: runtime.cc:669]   native: #02 pc 000000000001801e  /system/lib64/libutils.so (android::Looper::pollOnce(int, int*, int*, void**)+126)
06-30 05:46:49.628 18594 18594 F com.cccs.xxjz: runtime.cc:669]   native: #03 pc 000000000015d253  /system/lib64/libandroid_runtime.so (android::android_os_MessageQueue_nativePollOnce(_JNIEnv*, _jobject*, long, int)+35)
06-30 05:46:49.628 18594 18594 F com.cccs.xxjz: runtime.cc:669]   at android.os.MessageQueue.nativePollOnce(Native method)
06-30 05:46:49.628 18594 18594 F com.cccs.xxjz: runtime.cc:669]   at android.os.MessageQueue.next(MessageQueue.java:335)
06-30 05:46:49.628 18594 18594 F com.cccs.xxjz: runtime.cc:669]   at android.os.Looper.loopOnce(Looper.java:161)
06-30 05:46:49.628 18594 18594 F com.cccs.xxjz: runtime.cc:669]   at android.os.Looper.loop(Looper.java:288)
06-30 05:46:49.628 18594 18594 F com.cccs.xxjz: runtime.cc:669]   at android.os.HandlerThread.run(HandlerThread.java:67)
06-30 05:46:49.628 18594 18594 F com.cccs.xxjz: runtime.cc:669] 
06-30 05:46:49.628 18594 18594 F com.cccs.xxjz: runtime.cc:669] "visitorThread" prio=5 tid=104 Native
06-30 05:46:49.628 18594 18594 F com.cccs.xxjz: runtime.cc:669]   | group="" sCount=1 ucsCount=0 flags=1 obj=0x13780f00 self=0x72cdf69311f0
06-30 05:46:49.628 18594 18594 F com.cccs.xxjz: runtime.cc:669]   | sysTid=18817 nice=0 cgrp=top-app sched=0/0 handle=0x72cc046bbcf0
06-30 05:46:49.628 18594 18594 F com.cccs.xxjz: runtime.cc:669]   | state=S schedstat=( 128686 363553 2 ) utm=0 stm=0 core=0 HZ=100
06-30 05:46:49.628 18594 18594 F com.cccs.xxjz: runtime.cc:669]   | stack=0x72cc045b9000-0x72cc045bb000 stackSize=1035KB
06-30 05:46:49.628 18594 18594 F com.cccs.xxjz: runtime.cc:669]   | held mutexes=
06-30 05:46:49.628 18594 18594 F com.cccs.xxjz: runtime.cc:669]   native: #00 pc 00000000000b39aa  /apex/com.android.runtime/lib64/bionic/libc.so (__epoll_pwait+10)
06-30 05:46:49.628 18594 18594 F com.cccs.xxjz: runtime.cc:669]   native: #01 pc 000000000001817a  /system/lib64/libutils.so (android::Looper::pollInner(int)+250)
06-30 05:46:49.628 18594 18594 F com.cccs.xxjz: runtime.cc:669]   native: #02 pc 000000000001801e  /system/lib64/libutils.so (android::Looper::pollOnce(int, int*, int*, void**)+126)
06-30 05:46:49.628 18594 18594 F com.cccs.xxjz: runtime.cc:669]   native: #03 pc 000000000015d253  /system/lib64/libandroid_runtime.so (android::android_os_MessageQueue_nativePollOnce(_JNIEnv*, _jobject*, long, int)+35)
06-30 05:46:49.628 18594 18594 F com.cccs.xxjz: runtime.cc:669]   at android.os.MessageQueue.nativePollOnce(Native method)
06-30 05:46:49.628 18594 18594 F com.cccs.xxjz: runtime.cc:669]   at android.os.MessageQueue.next(MessageQueue.java:335)
06-30 05:46:49.628 18594 18594 F com.cccs.xxjz: runtime.cc:669]   at android.os.Looper.loopOnce(Looper.java:161)
06-30 05:46:49.628 18594 18594 F com.cccs.xxjz: runtime.cc:669]   at android.os.Looper.loop(Looper.java:288)
06-30 05:46:49.628 18594 18594 F com.cccs.xxjz: runtime.cc:669]   at android.os.HandlerThread.run(HandlerThread.java:67)
06-30 05:46:49.628 18594 18594 F com.cccs.xxjz: runtime.cc:669] 
06-30 05:46:49.628 18594 18594 F com.cccs.xxjz: runtime.cc:669] "downloadThread" prio=5 tid=105 Native
06-30 05:46:49.628 18594 18594 F com.cccs.xxjz: runtime.cc:669]   | group="" sCount=1 ucsCount=0 flags=1 obj=0x13780fe0 self=0x72cdf6934990
06-30 05:46:49.628 18594 18594 F com.cccs.xxjz: runtime.cc:669]   | sysTid=18818 nice=0 cgrp=top-app sched=0/0 handle=0x72cc045b2cf0
06-30 05:46:49.628 18594 18594 F com.cccs.xxjz: runtime.cc:669]   | state=S schedstat=( 102167 1218204 2 ) utm=0 stm=0 core=0 HZ=100
06-30 05:46:49.628 18594 18594 F com.cccs.xxjz: runtime.cc:669]   | stack=0x72cc044b0000-0x72cc044b2000 stackSize=1035KB
06-30 05:46:49.628 18594 18594 F com.cccs.xxjz: runtime.cc:669]   | held mutexes=
06-30 05:46:49.628 18594 18594 F com.cccs.xxjz: runtime.cc:669]   native: #00 pc 00000000000b39aa  /apex/com.android.runtime/lib64/bionic/libc.so (__epoll_pwait+10)
06-30 05:46:49.628 18594 18594 F com.cccs.xxjz: runtime.cc:669]   native: #01 pc 000000000001817a  /system/lib64/libutils.so (android::Looper::pollInner(int)+250)
06-30 05:46:49.628 18594 18594 F com.cccs.xxjz: runtime.cc:669]   native: #02 pc 000000000001801e  /system/lib64/libutils.so (android::Looper::pollOnce(int, int*, int*, void**)+126)
06-30 05:46:49.628 18594 18594 F com.cccs.xxjz: runtime.cc:669]   native: #03 pc 000000000015d253  /system/lib64/libandroid_runtime.so (android::android_os_MessageQueue_nativePollOnce(_JNIEnv*, _jobject*, long, int)+35)
06-30 05:46:49.628 18594 18594 F com.cccs.xxjz: runtime.cc:669]   at android.os.MessageQueue.nativePollOnce(Native method)
06-30 05:46:49.628 18594 18594 F com.cccs.xxjz: runtime.cc:669]   at android.os.MessageQueue.next(MessageQueue.java:335)
06-30 05:46:49.628 18594 18594 F com.cccs.xxjz: runtime.cc:669]   at android.os.Looper.loopOnce(Looper.java:161)
06-30 05:46:49.628 18594 18594 F com.cccs.xxjz: runtime.cc:669]   at android.os.Looper.loop(Looper.java:288)
06-30 05:46:49.628 18594 18594 F com.cccs.xxjz: runtime.cc:669]   at android.os.HandlerThread.run(HandlerThread.java:67)
06-30 05:46:49.628 18594 18594 F com.cccs.xxjz: runtime.cc:669] 
06-30 05:46:49.628 18594 18594 F com.cccs.xxjz: runtime.cc:669] "feedViewCrawlerThread" prio=5 tid=106 Native
06-30 05:46:49.628 18594 18594 F com.cccs.xxjz: runtime.cc:669]   | group="" sCount=1 ucsCount=0 flags=1 obj=0x137810c0 self=0x72cdf693b8d0
06-30 05:46:49.628 18594 18594 F com.cccs.xxjz: runtime.cc:669]   | sysTid=18819 nice=0 cgrp=top-app sched=0/0 handle=0x72cc044a9cf0
06-30 05:46:49.628 18594 18594 F com.cccs.xxjz: runtime.cc:669]   | state=S schedstat=( 93420 157239 2 ) utm=0 stm=0 core=0 HZ=100
06-30 05:46:49.628 18594 18594 F com.cccs.xxjz: runtime.cc:669]   | stack=0x72cc043a7000-0x72cc043a9000 stackSize=1035KB
06-30 05:46:49.628 18594 18594 F com.cccs.xxjz: runtime.cc:669]   | held mutexes=
06-30 05:46:49.628 18594 18594 F com.cccs.xxjz: runtime.cc:669]   native: #00 pc 00000000000b39aa  /apex/com.android.runtime/lib64/bionic/libc.so (__epoll_pwait+10)
06-30 05:46:49.628 18594 18594 F com.cccs.xxjz: runtime.cc:669]   native: #01 pc 000000000001817a  /system/lib64/libutils.so (android::Looper::pollInner(int)+250)
06-30 05:46:49.628 18594 18594 F com.cccs.xxjz: runtime.cc:669]   native: #02 pc 000000000001801e  /system/lib64/libutils.so (android::Looper::pollOnce(int, int*, int*, void**)+126)
06-30 05:46:49.628 18594 18594 F com.cccs.xxjz: runtime.cc:669]   native: #03 pc 000000000015d253  /system/lib64/libandroid_runtime.so (android::android_os_MessageQueue_nativePollOnce(_JNIEnv*, _jobject*, long, int)+35)
06-30 05:46:49.628 18594 18594 F com.cccs.xxjz: runtime.cc:669]   at android.os.MessageQueue.nativePollOnce(Native method)
06-30 05:46:49.628 18594 18594 F com.cccs.xxjz: runtime.cc:669]   at android.os.MessageQueue.next(MessageQueue.java:335)
06-30 05:46:49.628 18594 18594 F com.cccs.xxjz: runtime.cc:669]   at android.os.Looper.loopOnce(Looper.java:161)
06-30 05:46:49.628 18594 18594 F com.cccs.xxjz: runtime.cc:669]   at android.os.Looper.loop(Looper.java:288)
06-30 05:46:49.628 18594 18594 F com.cccs.xxjz: runtime.cc:669]   at android.os.HandlerThread.run(HandlerThread.java:67)
06-30 05:46:49.628 18594 18594 F com.cccs.xxjz: runtime.cc:669] 
06-30 05:46:49.628 18594 18594 F com.cccs.xxjz: runtime.cc:669] "Binder:18594_3" prio=5 tid=3 Native
06-30 05:46:49.628 18594 18594 F com.cccs.xxjz: runtime.cc:669]   | group="" sCount=1 ucsCount=0 flags=1 obj=0x137811a0 self=0x72cdf6898270
06-30 05:46:49.628 18594 18594 F com.cccs.xxjz: runtime.cc:669]   | sysTid=18843 nice=0 cgrp=top-app sched=0/0 handle=0x72cc1f648cf0
06-30 05:46:49.628 18594 18594 F com.cccs.xxjz: runtime.cc:669]   | state=S schedstat=( 783508 741904 7 ) utm=0 stm=0 core=0 HZ=100
06-30 05:46:49.628 18594 18594 F com.cccs.xxjz: runtime.cc:669]   | stack=0x72cc1f552000-0x72cc1f554000 stackSize=987KB
06-30 05:46:49.628 18594 18594 F com.cccs.xxjz: runtime.cc:669]   | held mutexes=
06-30 05:46:49.628 18594 18594 F com.cccs.xxjz: runtime.cc:669]   native: #00 pc 00000000000b29e7  /apex/com.android.runtime/lib64/bionic/libc.so (__ioctl+7)
06-30 05:46:49.628 18594 18594 F com.cccs.xxjz: runtime.cc:669]   native: #01 pc 0000000000067b28  /apex/com.android.runtime/lib64/bionic/libc.so (ioctl+216)
06-30 05:46:49.628 18594 18594 F com.cccs.xxjz: runtime.cc:669]   native: #02 pc 000000000005882f  /system/lib64/libbinder.so (android::IPCThreadState::talkWithDriver(bool)+319)
06-30 05:46:49.628 18594 18594 F com.cccs.xxjz: runtime.cc:669]   native: #03 pc 0000000000058b10  /system/lib64/libbinder.so (android::IPCThreadState::getAndExecuteCommand()+16)
06-30 05:46:49.628 18594 18594 F com.cccs.xxjz: runtime.cc:669]   native: #04 pc 00000000000595bf  /system/lib64/libbinder.so (android::IPCThreadState::joinThreadPool(bool)+63)
06-30 05:46:49.628 18594 18594 F com.cccs.xxjz: runtime.cc:669]   native: #05 pc 0000000000085557  /system/lib64/libbinder.so (android::PoolThread::threadLoop()+23)
06-30 05:46:49.628 18594 18594 F com.cccs.xxjz: runtime.cc:669]   native: #06 pc 0000000000013c49  /system/lib64/libutils.so (android::Thread::_threadLoop(void*)+313)
06-30 05:46:49.628 18594 18594 F com.cccs.xxjz: runtime.cc:669]   native: #07 pc 00000000000d2d9c  /system/lib64/libandroid_runtime.so (android::AndroidRuntime::javaThreadShell(void*)+140)
06-30 05:46:49.628 18594 18594 F com.cccs.xxjz: runtime.cc:669]   native: #08 pc 0000000000013489  /system/lib64/libutils.so (thread_data_t::trampoline(thread_data_t const*)+425)
06-30 05:46:49.628 18594 18594 F com.cccs.xxjz: runtime.cc:669]   native: #09 pc 00000000000c758a  /apex/com.android.runtime/lib64/bionic/libc.so (__pthread_start(void*)+58)
06-30 05:46:49.628 18594 18594 F com.cccs.xxjz: runtime.cc:669]   native: #10 pc 000000000005fd87  /apex/com.android.runtime/lib64/bionic/libc.so (__start_thread+55)
06-30 05:46:49.628 18594 18594 F com.cccs.xxjz: runtime.cc:669]   (no managed stack frames)
06-30 05:46:49.628 18594 18594 F com.cccs.xxjz: runtime.cc:669] 
06-30 05:46:49.628 18594 18594 F com.cccs.xxjz: runtime.cc:669] "pool-2-thread-2" prio=5 tid=15 TimedWaiting
06-30 05:46:49.628 18594 18594 F com.cccs.xxjz: runtime.cc:669]   | group="" sCount=1 ucsCount=0 flags=1 obj=0x13781218 self=0x72cdf690ae10
06-30 05:46:49.628 18594 18594 F com.cccs.xxjz: runtime.cc:669]   | sysTid=18957 nice=0 cgrp=top-app sched=0/0 handle=0x72cc15aa1cf0
06-30 05:46:49.628 18594 18594 F com.cccs.xxjz: runtime.cc:669]   | state=S schedstat=( 621793 715508 2 ) utm=0 stm=0 core=0 HZ=100
06-30 05:46:49.628 18594 18594 F com.cccs.xxjz: runtime.cc:669]   | stack=0x72cc1599f000-0x72cc159a1000 stackSize=1035KB
06-30 05:46:49.628 18594 18594 F com.cccs.xxjz: runtime.cc:669]   | held mutexes=
06-30 05:46:49.628 18594 18594 F com.cccs.xxjz: runtime.cc:669]   native: #00 pc 000000000005adf8  /apex/com.android.runtime/lib64/bionic/libc.so (syscall+24)
06-30 05:46:49.628 18594 18594 F com.cccs.xxjz: runtime.cc:669]   native: #01 pc 000000000087888d  /apex/com.android.art/lib64/libart.so (art::Thread::Park(bool, long)+1373)
06-30 05:46:49.628 18594 18594 F com.cccs.xxjz: runtime.cc:669]   native: #02 pc 0000000000777a4b  /apex/com.android.art/lib64/libart.so (art::Unsafe_park(_JNIEnv*, _jobject*, unsigned char, long)+635)
06-30 05:46:49.628 18594 18594 F com.cccs.xxjz: runtime.cc:669]   at sun.misc.Unsafe.park(Native method)
06-30 05:46:49.628 18594 18594 F com.cccs.xxjz: runtime.cc:669]   - waiting on an unknown object
06-30 05:46:49.628 18594 18594 F com.cccs.xxjz: runtime.cc:669]   at java.util.concurrent.locks.LockSupport.parkNanos(LockSupport.java:230)
06-30 05:46:49.628 18594 18594 F com.cccs.xxjz: runtime.cc:669]   at java.util.concurrent.locks.AbstractQueuedSynchronizer$ConditionObject.awaitNanos(AbstractQueuedSynchronizer.java:2109)
06-30 05:46:49.628 18594 18594 F com.cccs.xxjz: runtime.cc:669]   at java.util.concurrent.LinkedBlockingQueue.poll(LinkedBlockingQueue.java:467)
06-30 05:46:49.628 18594 18594 F com.cccs.xxjz: runtime.cc:669]   at java.util.concurrent.ThreadPoolExecutor.getTask(ThreadPoolExecutor.java:1091)
06-30 05:46:49.628 18594 18594 F com.cccs.xxjz: runtime.cc:669]   at java.util.concurrent.ThreadPoolExecutor.runWorker(ThreadPoolExecutor.java:1152)
06-30 05:46:49.628 18594 18594 F com.cccs.xxjz: runtime.cc:669]   at java.util.concurrent.ThreadPoolExecutor$Worker.run(ThreadPoolExecutor.java:641)
06-30 05:46:49.628 18594 18594 F com.cccs.xxjz: runtime.cc:669]   at java.lang.Thread.run(Thread.java:920)
06-30 05:46:49.628 18594 18594 F com.cccs.xxjz: runtime.cc:669] 
06-30 05:46:49.628 18594 18594 F com.cccs.xxjz: runtime.cc:669] "Timer-0" prio=5 tid=17 Waiting
06-30 05:46:49.628 18594 18594 F com.cccs.xxjz: runtime.cc:669]   | group="" sCount=1 ucsCount=0 flags=1 obj=0x137812e0 self=0x72cdf6926b10
06-30 05:46:49.628 18594 18594 F com.cccs.xxjz: runtime.cc:669]   | sysTid=18958 nice=0 cgrp=top-app sched=0/0 handle=0x72cc15998cf0
06-30 05:46:49.628 18594 18594 F com.cccs.xxjz: runtime.cc:669]   | state=S schedstat=( 95607 79242 1 ) utm=0 stm=0 core=0 HZ=100
06-30 05:46:49.628 18594 18594 F com.cccs.xxjz: runtime.cc:669]   | stack=0x72cc15896000-0x72cc15898000 stackSize=1035KB
06-30 05:46:49.628 18594 18594 F com.cccs.xxjz: runtime.cc:669]   | held mutexes=
06-30 05:46:49.628 18594 18594 F com.cccs.xxjz: runtime.cc:669]   native: #00 pc 000000000005adf6  /apex/com.android.runtime/lib64/bionic/libc.so (syscall+22)
06-30 05:46:49.628 18594 18594 F com.cccs.xxjz: runtime.cc:669]   native: #01 pc 0000000000425c9e  /apex/com.android.art/lib64/libart.so (art::ConditionVariable::WaitHoldingLocks(art::Thread*)+110)
06-30 05:46:49.628 18594 18594 F com.cccs.xxjz: runtime.cc:669]   native: #02 pc 0000000000737cdd  /apex/com.android.art/lib64/libart.so (art::Monitor::Wait(art::Thread*, long, int, bool, art::ThreadState)+541)
06-30 05:46:49.628 18594 18594 F com.cccs.xxjz: runtime.cc:669]   native: #03 pc 000000000073955b  /apex/com.android.art/lib64/libart.so (art::Monitor::Wait(art::Thread*, art::ObjPtr<art::mirror::Object>, long, int, bool, art::ThreadState)+315)
06-30 05:46:49.628 18594 18594 F com.cccs.xxjz: runtime.cc:669]   at java.lang.Object.wait(Native method)
06-30 05:46:49.628 18594 18594 F com.cccs.xxjz: runtime.cc:669]   - waiting on <0x0cebdc6b> (a java.util.TaskQueue)
06-30 05:46:49.628 18594 18594 F com.cccs.xxjz: runtime.cc:669]   at java.lang.Object.wait(Object.java:442)
06-30 05:46:49.628 18594 18594 F com.cccs.xxjz: runtime.cc:669]   at java.lang.Object.wait(Object.java:568)
06-30 05:46:49.628 18594 18594 F com.cccs.xxjz: runtime.cc:669]   at java.util.TimerThread.mainLoop(Timer.java:533)
06-30 05:46:49.628 18594 18594 F com.cccs.xxjz: runtime.cc:669]   - locked <0x0cebdc6b> (a java.util.TaskQueue)
06-30 05:46:49.628 18594 18594 F com.cccs.xxjz: runtime.cc:669]   at java.util.TimerThread.run(Timer.java:512)
06-30 05:46:49.628 18594 18594 F com.cccs.xxjz: runtime.cc:669] 
06-30 05:46:49.628 18594 18594 F com.cccs.xxjz: runtime.cc:669] Aborting thread:
06-30 05:46:49.628 18594 18594 F com.cccs.xxjz: runtime.cc:669] "main" prio=10 tid=1 Native
06-30 05:46:49.628 18594 18594 F com.cccs.xxjz: runtime.cc:669]   | group="" sCount=0 ucsCount=0 flags=0 obj=0x71ca1960 self=0x72cdf6864010
06-30 05:46:49.628 18594 18594 F com.cccs.xxjz: runtime.cc:669]   | sysTid=18594 nice=-10 cgrp=top-app sched=0/0 handle=0x72cf370b84f8
06-30 05:46:49.628 18594 18594 F com.cccs.xxjz: runtime.cc:669]   | state=R schedstat=( 697721394 876433802 1039 ) utm=33 stm=35 core=0 HZ=100
06-30 05:46:49.628 18594 18594 F com.cccs.xxjz: runtime.cc:669]   | stack=0x7fff7d369000-0x7fff7d36b000 stackSize=8188KB
06-30 05:46:49.628 18594 18594 F com.cccs.xxjz: runtime.cc:669]   | held mutexes= "abort lock"
06-30 05:46:49.628 18594 18594 F com.cccs.xxjz: runtime.cc:669]   native: #00 pc 000000000073cd7f  /apex/com.android.art/lib64/libart.so (art::DumpNativeStack(std::__1::basic_ostream<char, std::__1::char_traits<char> >&, int, BacktraceMap*, char const*, art::ArtMethod*, void*, bool)+127)
06-30 05:46:49.628 18594 18594 F com.cccs.xxjz: runtime.cc:669]   native: #01 pc 0000000000882570  /apex/com.android.art/lib64/libart.so (art::Thread::DumpStack(std::__1::basic_ostream<char, std::__1::char_traits<char> >&, bool, BacktraceMap*, bool) const+368)
06-30 05:46:49.628 18594 18594 F com.cccs.xxjz: runtime.cc:669]   native: #02 pc 000000000083a2b9  /apex/com.android.art/lib64/libart.so (art::AbortState::DumpThread(std::__1::basic_ostream<char, std::__1::char_traits<char> >&, art::Thread*) const+57)
06-30 05:46:49.628 18594 18594 F com.cccs.xxjz: runtime.cc:669]   native: #03 pc 0000000000822802  /apex/com.android.art/lib64/libart.so (art::Runtime::Abort(char const*)+2546)
06-30 05:46:49.628 18594 18594 F com.cccs.xxjz: runtime.cc:669]   native: #04 pc 00000000000194ac  /apex/com.android.art/lib64/libbase.so (android::base::SetAborter(std::__1::function<void (char const*)>&&)::$_3::__invoke(char const*)+60)
06-30 05:46:49.628 18594 18594 F com.cccs.xxjz: runtime.cc:669]   native: #05 pc 0000000000018ac0  /apex/com.android.art/lib64/libbase.so (android::base::LogMessage::~LogMessage()+352)
06-30 05:46:49.628 18594 18594 F com.cccs.xxjz: runtime.cc:669]   native: #06 pc 000000000062ff79  /apex/com.android.art/lib64/libart.so (art::JNI<false>::FatalError(_JNIEnv*, char const*)+185)
06-30 05:46:49.628 18594 18594 F com.cccs.xxjz: runtime.cc:669]   native: #07 pc 00000000001c6dc3  <anonymous:72cc2061e000> (???)
06-30 05:46:49.628 18594 18594 F com.cccs.xxjz: runtime.cc:669]   at com.unity3d.player.NativeLoader.load(Native method)
06-30 05:46:49.628 18594 18594 F com.cccs.xxjz: runtime.cc:669]   at com.unity3d.player.UnityPlayer.loadNative(unavailable:-1)
06-30 05:46:49.628 18594 18594 F com.cccs.xxjz: runtime.cc:669]   at com.unity3d.player.UnityPlayer.<init>(unavailable:-1)
06-30 05:46:49.628 18594 18594 F com.cccs.xxjz: runtime.cc:669]   at com.unity3d.player.UnityPlayerActivity.onCreate(UnityPlayerActivity.java:41)
06-30 05:46:49.628 18594 18594 F com.cccs.xxjz: runtime.cc:669]   at android.app.Activity.performCreate(Activity.java:8051)
06-30 05:46:49.628 18594 18594 F com.cccs.xxjz: runtime.cc:669]   at android.app.Activity.performCreate(Activity.java:8031)
06-30 05:46:49.628 18594 18594 F com.cccs.xxjz: runtime.cc:669]   at android.app.Instrumentation.callActivityOnCreate(Instrumentation.java:1329)
06-30 05:46:49.628 18594 18594 F com.cccs.xxjz: runtime.cc:669]   at android.app.ActivityThread.performLaunchActivity(ActivityThread.java:3608)
06-30 05:46:49.628 18594 18594 F com.cccs.xxjz: runtime.cc:669]   at android.app.ActivityThread.handleLaunchActivity(ActivityThread.java:3792)
06-30 05:46:49.628 18594 18594 F com.cccs.xxjz: runtime.cc:669]   at android.app.servertransaction.LaunchActivityItem.execute(LaunchActivityItem.java:103)
06-30 05:46:49.628 18594 18594 F com.cccs.xxjz: runtime.cc:669]   at android.app.servertransaction.TransactionExecutor.executeCallbacks(TransactionExecutor.java:135)
06-30 05:46:49.628 18594 18594 F com.cccs.xxjz: runtime.cc:669]   at android.app.servertransaction.TransactionExecutor.execute(TransactionExecutor.java:95)
06-30 05:46:49.628 18594 18594 F com.cccs.xxjz: runtime.cc:669]   at android.app.ActivityThread$H.handleMessage(ActivityThread.java:2210)
06-30 05:46:49.628 18594 18594 F com.cccs.xxjz: runtime.cc:669]   at android.os.Handler.dispatchMessage(Handler.java:106)
06-30 05:46:49.628 18594 18594 F com.cccs.xxjz: runtime.cc:669]   at android.os.Looper.loopOnce(Looper.java:201)
06-30 05:46:49.628 18594 18594 F com.cccs.xxjz: runtime.cc:669]   at android.os.Looper.loop(Looper.java:288)
06-30 05:46:49.628 18594 18594 F com.cccs.xxjz: runtime.cc:669]   at android.app.ActivityThread.main(ActivityThread.java:7839)
06-30 05:46:49.628 18594 18594 F com.cccs.xxjz: runtime.cc:669]   at java.lang.reflect.Method.invoke(Native method)
06-30 05:46:49.628 18594 18594 F com.cccs.xxjz: runtime.cc:669]   at com.android.internal.os.RuntimeInit$MethodAndArgsCaller.run(RuntimeInit.java:548)
06-30 05:46:49.628 18594 18594 F com.cccs.xxjz: runtime.cc:669]   at com.android.internal.os.ZygoteInit.main(ZygoteInit.java:1003)
06-30 05:46:49.628 18594 18594 F com.cccs.xxjz: runtime.cc:669] 
06-30 05:46:49.628 18594 18594 F libc    : Fatal signal 6 (SIGABRT), code -1 (SI_QUEUE) in tid 18594 (com.cccs.xxjz), pid 18594 (com.cccs.xxjz)
06-30 05:46:49.687 18963 18963 I crash_dump64: obtaining output fd from tombstoned, type: kDebuggerdTombstoneProto
06-30 05:46:49.699   196   196 I tombstoned: received crash request for pid 18594
06-30 05:46:49.707 18963 18963 I crash_dump64: performing dump of process 18594 (target tid = 18594)
06-30 05:46:49.717 18963 18963 E DEBUG   : failed to read /proc/uptime: Permission denied
06-30 05:46:49.940 18963 18963 W unwind  : Failed to initialize DEX file support: dlopen failed: library "libdexfile.so" not found
06-30 05:46:50.322 12769 12850 D EGL_emulation: app_time_stats: avg=4.30ms min=0.98ms max=54.27ms count=50
06-30 05:46:50.720     0     0 I logd    : logdr: UID=10146 GID=10146 PID=18963 n tail=0 logMask=8 pid=18594 start=0ns deadline=0ns
06-30 05:46:50.730     0     0 I logd    : logdr: UID=10146 GID=10146 PID=18963 n tail=0 logMask=1 pid=18594 start=0ns deadline=0ns
06-30 05:46:50.782 18963 18963 F DEBUG   : *** *** *** *** *** *** *** *** *** *** *** *** *** *** *** ***
06-30 05:46:50.782 18963 18963 F DEBUG   : Build fingerprint: 'google/sdk_gphone64_x86_64/emulator64_x86_64_arm64:12/SE1A.220203.002.A1/8151367:userdebug/dev-keys'
06-30 05:46:50.782 18963 18963 F DEBUG   : Revision: '0'
06-30 05:46:50.782 18963 18963 F DEBUG   : ABI: 'x86_64'
06-30 05:46:50.782 18963 18963 F DEBUG   : Timestamp: 2022-06-30 05:46:49.716726903+0000
06-30 05:46:50.782 18963 18963 F DEBUG   : Process uptime: 0s
06-30 05:46:50.782 18963 18963 F DEBUG   : Cmdline: com.cccs.xxjz
06-30 05:46:50.782 18963 18963 F DEBUG   : pid: 18594, tid: 18594, name: com.cccs.xxjz  >>> com.cccs.xxjz <<<
06-30 05:46:50.782 18963 18963 F DEBUG   : uid: 10146
06-30 05:46:50.782 18963 18963 F DEBUG   : signal 6 (SIGABRT), code -1 (SI_QUEUE), fault addr --------
06-30 05:46:50.782 18963 18963 F DEBUG   : Abort message: 'JNI FatalError called: Unable to load library: /data/app/~~FMZK1b4yNfdWaPhRdXFqZw==/com.cccs.xxjz-T9G5hdPu_FjlNI_gjlyrhg==/lib/arm64/libil2cpp.so [dlopen failed: library "libil2cpp.so" not found]'
06-30 05:46:50.782 18963 18963 F DEBUG   :     rax 0000000000000000  rbx 00000000000048a2  rcx 000072cf298c85cf  rdx 0000000000000006
06-30 05:46:50.782 18963 18963 F DEBUG   :     r8  000000000001d000  r9  000000000001d000  r10 00007fff7db643a0  r11 0000000000000203
06-30 05:46:50.782 18963 18963 F DEBUG   :     r12 000072cca6879e10  r13 0000000000000001  r14 00007fff7db64398  r15 00000000000048a2
06-30 05:46:50.782 18963 18963 F DEBUG   :     rdi 00000000000048a2  rsi 00000000000048a2
06-30 05:46:50.782 18963 18963 F DEBUG   :     rbp 0000000000000001  rsp 00007fff7db64390  rip 000072cf298c85cf
06-30 05:46:50.782 18963 18963 F DEBUG   : backtrace:
06-30 05:46:50.782 18963 18963 F DEBUG   :       #00 pc 000000000005e5cf  /apex/com.android.runtime/lib64/bionic/libc.so (abort+191) (BuildId: 5db8d317d3741b337ef046540bbdd0f7)
06-30 05:46:50.782 18963 18963 F DEBUG   :       #01 pc 0000000000822064  /apex/com.android.art/lib64/libart.so (art::Runtime::Abort(char const*)+596) (BuildId: cfc3de5d1c7b2855effeb77a784fc353)
06-30 05:46:50.782 18963 18963 F DEBUG   :       #02 pc 00000000000194ac  /apex/com.android.art/lib64/libbase.so (android::base::SetAborter(std::__1::function<void (char const*)>&&)::$_3::__invoke(char const*)+60) (BuildId: a5f823bb6cb32d94038f9d5b24374cd9)
06-30 05:46:50.782 18963 18963 F DEBUG   :       #03 pc 0000000000018ac0  /apex/com.android.art/lib64/libbase.so (android::base::LogMessage::~LogMessage()+352) (BuildId: a5f823bb6cb32d94038f9d5b24374cd9)
06-30 05:46:50.782 18963 18963 F DEBUG   :       #04 pc 000000000062ff79  /apex/com.android.art/lib64/libart.so (art::JNI<false>::FatalError(_JNIEnv*, char const*)+185) (BuildId: cfc3de5d1c7b2855effeb77a784fc353)
06-30 05:46:50.782 18963 18963 F DEBUG   :       #05 pc 00000000001c6dc3  <anonymous:72cc2061e000>
06-30 05:46:50.827   196   196 E tombstoned: Tombstone written to: tombstone_00
06-30 05:46:50.848 12605 12681 I BootReceiver: Copying /data/tombstones/tombstone_00 to DropBox (SYSTEM_TOMBSTONE)
06-30 05:46:50.848 12605 12681 I DropBoxManagerService: add tag=SYSTEM_TOMBSTONE isTagEnabled=true flags=0x6
06-30 05:46:50.856 12605 18970 I DropBoxManagerService: add tag=data_app_native_crash isTagEnabled=true flags=0x2
06-30 05:46:50.862 12605 12638 W BroadcastQueue: Background execution not allowed: receiving Intent { act=android.intent.action.DROPBOX_ENTRY_ADDED flg=0x10 (has extras) } to com.google.android.gms/.stats.service.DropBoxEntryAddedReceiver
06-30 05:46:50.862 12605 12638 W BroadcastQueue: Background execution not allowed: receiving Intent { act=android.intent.action.DROPBOX_ENTRY_ADDED flg=0x10 (has extras) } to com.google.android.gms/.chimera.GmsIntentOperationService$PersistentTrustedReceiver
06-30 05:46:50.871 12605 12638 W BroadcastQueue: Background execution not allowed: receiving Intent { act=android.intent.action.DROPBOX_ENTRY_ADDED flg=0x10 (has extras) } to com.google.android.gms/.stats.service.DropBoxEntryAddedReceiver
06-30 05:46:50.871 12605 12638 W BroadcastQueue: Background execution not allowed: receiving Intent { act=android.intent.action.DROPBOX_ENTRY_ADDED flg=0x10 (has extras) } to com.google.android.gms/.chimera.GmsIntentOperationService$PersistentTrustedReceiver
06-30 05:46:50.877 12605 12681 I DropBoxManagerService: add tag=SYSTEM_TOMBSTONE_PROTO isTagEnabled=true flags=0x4
06-30 05:46:50.866     0     0 I init    : Untracked pid 18963 exited with status 0
06-30 05:46:50.917 12605 18969 W ActivityTaskManager:   Force finishing activity com.cccs.xxjz/com.unity3d.player.UnityPlayerActivity
06-30 05:46:50.918   306   306 D goldfish-address-space: claimShared: Ask to claim region [0x3f7506000 0x3f7b32000]
06-30 05:46:50.939 12605 16846 D HostConnection: createUnique: call
06-30 05:46:50.941 12605 16846 D HostConnection: HostConnection::get() New Host Connection established 0x72cd168d7090, tid 16846
06-30 05:46:50.951   372   372 I BpBinder: onLastStrongRef automatically unlinking death recipients: <uncached descriptor>
06-30 05:46:50.919     0     0 I init    : Untracked pid 18965 exited with status 0
06-30 05:46:50.957 12605 16846 D HostConnection: HostComposition ext ANDROID_EMU_CHECKSUM_HELPER_v1 ANDROID_EMU_native_sync_v2 ANDROID_EMU_native_sync_v3 ANDROID_EMU_native_sync_v4 ANDROID_EMU_dma_v1 ANDROID_EMU_direct_mem ANDROID_EMU_host_composition_v1 ANDROID_EMU_host_composition_v2 ANDROID_EMU_vulkan ANDROID_EMU_deferred_vulkan_commands ANDROID_EMU_vulkan_null_optional_strings ANDROID_EMU_vulkan_create_resources_with_requirements ANDROID_EMU_YUV_Cache ANDROID_EMU_vulkan_ignored_handles ANDROID_EMU_has_shared_slots_host_memory_allocator ANDROID_EMU_vulkan_free_memory_sync ANDROID_EMU_vulkan_shader_float16_int8 ANDROID_EMU_vulkan_async_queue_submit ANDROID_EMU_vulkan_queue_submit_with_commands ANDROID_EMU_sync_buffer_data ANDROID_EMU_read_color_buffer_dma GL_OES_EGL_image_external_essl3 GL_OES_vertex_array_object GL_KHR_texture_compression_astc_ldr ANDROID_EMU_host_side_tracing ANDROID_EMU_gles_max_version_3_0 
06-30 05:46:50.937     0     0 I binder  : undelivered transaction 4913894, process died.
06-30 05:46:50.938     0     0 I binder  : undelivered transaction 4913886, process died.
06-30 05:46:50.970 12541 12541 I Zygote  : Process 18594 exited due to signal 6 (Aborted)
06-30 05:46:50.970 12605 16383 I ActivityManager: Process com.cccs.xxjz (pid 18594) has died: fg  TOP 
06-30 05:46:50.972 12605 12640 I libprocessgroup: Successfully killed process cgroup uid 10146 pid 18594 in 0ms
06-30 05:46:50.974 12605 16846 W OpenGLRenderer: Failed to choose config with EGL_SWAP_BEHAVIOR_PRESERVED, retrying without...
06-30 05:46:50.974 12605 16846 W OpenGLRenderer: Failed to initialize 101010-2 format, error = EGL_SUCCESS
06-30 05:46:50.977 12605 16383 W InputManager-JNI: Input channel object '4444c1b Splash Screen com.cccs.xxjz (client)' was disposed without first being removed with the input manager!
06-30 05:46:50.978 12769 12834 D StartingSurfaceDrawer: Task start finish, remove starting surface for task 52
06-30 05:46:50.978 12769 12834 V StartingSurfaceDrawer: Removing splash screen window for task: 52
06-30 05:46:51.016 12605 16846 D EGL_emulation: eglCreateContext: 0x72cd168d7810: maj 3 min 0 rcv 3
06-30 05:46:51.025 12605 16846 D EGL_emulation: eglMakeCurrent: 0x72cd168d7810: ver 3 0 (tinfo 0x72cf1cd6b280) (first time)
06-30 05:46:51.032 12605 16383 W ActivityTaskManager: Can't find TaskDisplayArea to determine support for multi window. Task id=52 attached=false
06-30 05:46:51.032 12605 16383 W ActivityTaskManager: Can't find TaskDisplayArea to determine support for multi window. Task id=52 attached=false
06-30 05:46:51.044   306   306 D goldfish-address-space: claimShared: Ask to claim region [0x3f4e76000 0x3f581a000]
06-30 05:46:51.081   306   306 D goldfish-address-space: claimShared: Ask to claim region [0x3f581a000 0x3f61be000]
06-30 05:46:51.095 13350 13365 I OpenGLRenderer: Davey! duration=2028729ms; Flags=1, FrameTimelineVsyncId=655361, IntendedVsync=8208423452244, Vsync=8208423452244, InputEventId=1772850366, HandleInputStart=8208425349121, AnimationStart=8208425349910, PerformTraversalsStart=8208425350087, DrawStart=8208519213677, FrameDeadline=8208473452242, FrameInterval=8208425345408, FrameStartTime=16666666, SyncQueued=8208543388623, SyncStart=8208544544089, IssueDrawCommandsStart=8208544708783, SwapBuffers=8208544889517, FrameCompleted=10237153750572, DequeueBufferDuration=3203, QueueBufferDuration=880738, GpuCompleted=10237153750572, SwapBuffersCompleted=8208546444292, DisplayPresentTime=0, 
06-30 05:46:51.097   306   306 D goldfish-address-space: claimShared: Ask to claim region [0x3f61be000 0x3f6b62000]
06-30 05:46:51.115   306   306 D goldfish-address-space: claimShared: Ask to claim region [0x3f4000000 0x3f49a4000]
06-30 05:46:51.145   306   306 D goldfish-address-space: claimShared: Ask to claim region [0x3f8000000 0x3f89a4000]
06-30 05:46:51.154 13192 13192 I GoogleInputMethodService: GoogleInputMethodService.onFinishInput():3420 
06-30 05:46:51.154 13192 13192 I GoogleInputMethodService: GoogleInputMethodService.onStartInput():2002 
06-30 05:46:51.159   306   306 D goldfish-address-space: claimShared: Ask to claim region [0x3f89a4000 0x3f9348000]
06-30 05:46:51.163 13192 13192 I DeviceUnlockedTag: DeviceUnlockedTag.notifyDeviceLockStatusChanged():31 Notify device unlocked.
06-30 05:46:51.182 12605 12638 W BroadcastQueue: Background execution not allowed: receiving Intent { act=android.intent.action.DROPBOX_ENTRY_ADDED flg=0x10 (has extras) } to com.google.android.gms/.stats.service.DropBoxEntryAddedReceiver
06-30 05:46:51.182 12605 12638 W BroadcastQueue: Background execution not allowed: receiving Intent { act=android.intent.action.DROPBOX_ENTRY_ADDED flg=0x10 (has extras) } to com.google.android.gms/.chimera.GmsIntentOperationService$PersistentTrustedReceiver
06-30 05:46:51.183 12605 12605 W Looper  : Slow dispatch took 205ms main h=com.android.server.job.JobSchedulerService$JobHandler c=null m=7
06-30 05:46:51.183 12605 12605 W Looper  : Slow delivery took 206ms main h=com.android.server.job.JobSchedulerService$JobHandler c=null m=5
06-30 05:46:51.183 12605 12605 W Looper  : Drained
06-30 05:46:51.183 12605 12623 W Looper  : Slow dispatch took 208ms android.fg h=com.android.server.DropBoxManagerService$DropBoxManagerBroadcastHandler c=null m=1
06-30 05:46:51.183 12605 12623 W Looper  : Slow delivery took 206ms android.fg h=android.os.Handler c=com.android.server.power.hint.HintManagerService$UidObserver$$ExternalSyntheticLambda0@4e69363 m=0
06-30 05:46:51.192 13258 13258 I GsaVoiceInteractionSrv: Handling ACTION_START_HOTWORD
06-30 05:46:51.193 13258 13258 I GsaVoiceInteractionSrv: disregardVoiceMatch: false
06-30 05:46:51.193 13258 13258 I GsaVoiceInteractionSrv: Cannot start hotword, hotword has been explicitly disabled.
06-30 05:46:51.194 12605 12878 W ActivityManager: Unable to start service Intent { act=android.service.smartspace.SmartspaceService cmp=com.google.android.as/com.google.android.apps.miphone.aiai.app.AiAiSmartspaceService } U=0: not found
06-30 05:46:51.194 12605 12878 W RemoteSmartspaceService: could not bind to Intent { act=android.service.smartspace.SmartspaceService cmp=com.google.android.as/com.google.android.apps.miphone.aiai.app.AiAiSmartspaceService } using flags 67112961
06-30 05:46:51.195 12605 14415 W ActivityManager: Unable to start service Intent { act=android.service.smartspace.SmartspaceService cmp=com.google.android.as/com.google.android.apps.miphone.aiai.app.AiAiSmartspaceService } U=0: not found
06-30 05:46:51.195 12605 14415 W RemoteSmartspaceService: could not bind to Intent { act=android.service.smartspace.SmartspaceService cmp=com.google.android.as/com.google.android.apps.miphone.aiai.app.AiAiSmartspaceService } using flags 67112961
06-30 05:46:51.195 12605 12605 W ActivityManager: Unbind failed: could not find connection for android.app.LoadedApk$ServiceDispatcher$InnerConnection@99e10de
06-30 05:46:51.195 12605 12605 W ActivityManager: Unbind failed: could not find connection for android.app.LoadedApk$ServiceDispatcher$InnerConnection@b2502bf
06-30 05:46:51.199 13192 13192 I AppBase : AppBase.onTrimMemory():782 onTrimMemory(): 5
06-30 05:46:51.199 13192 13192 I GoogleInputMethodService: GoogleInputMethodService.onTrimMemory():4623 onTrimMemory(): 5
06-30 05:46:51.211 12605 12678 W system_server: Long monitor contention with owner main (12605) at void com.android.server.job.JobSchedulerService$JobHandler.handleMessage(android.os.Message)(JobSchedulerService.java:2064) waiters=0 in void com.android.server.job.controllers.BackgroundJobsController$1.updateJobsForUid(int, boolean) for 204ms
06-30 05:46:51.307 12769 12850 D EGL_emulation: app_time_stats: avg=460.53ms min=14.41ms max=3550.35ms count=8
06-30 05:46:51.331 12769 12850 D EGL_emulation: app_time_stats: avg=19.33ms min=1.01ms max=408.30ms count=27
06-30 05:46:51.363 12605 15311 W WindowManager: Failed looking up window session=Session{9982c61 12769:u0a10135} callers=com.android.server.wm.WindowManagerService.windowForClientLocked:5594 com.android.server.wm.WindowManagerService.relayoutWindow:2224 com.android.server.wm.Session.relayout:235 
06-30 05:46:51.366 12605 14322 W WindowManager: Failed looking up window session=Session{9982c61 12769:u0a10135} callers=com.android.server.wm.WindowManagerService.windowForClientLocked:5594 com.android.server.wm.WindowManagerService.removeWindow:2028 com.android.server.wm.Session.remove:218 
06-30 05:46:51.420 12605 12626 W ActivityTaskManager: Activity top resumed state loss timeout for ActivityRecord{d56161e u0 com.cccs.xxjz/com.unity3d.player.UnityPlayerActivity t-1 f}}
06-30 05:46:51.448 12605 12615 I system_server: NativeAlloc concurrent copying GC freed 242208(11MB) AllocSpace objects, 28(2396KB) LOS objects, 49% free, 18MB/36MB, paused 31us,33us total 317.491ms
06-30 05:47:00.027 12769 12850 D EGL_emulation: app_time_stats: avg=4359.61ms min=14.20ms max=8705.01ms count=2
06-30 05:47:04.065 12605 12703 E WifiScoringParams: Invalid frequency(-1), using 5G as default rssi array
06-30 05:47:04.091 13102 18866 I NetworkScheduler.Stats: Task com.google.android.gms/com.google.android.gms.auth.account.be.legacy.AuthCronService started execution. cause:4 exec_start_elapsed_seconds: 10250 [CONTEXT service_id=218 ]
06-30 05:47:04.098 13102 18914 I NetworkScheduler.Stats: Task com.google.android.gms/com.google.android.gms.auth.account.be.legacy.AuthCronService finished executing. cause:4 result: 1 elapsed_millis: 11 uptime_millis: 11 exec_start_elapsed_seconds: 10250 [CONTEXT service_id=218 ]
06-30 05:47:05.935     0     0 W clocksource: timekeeping watchdog on CPU0: hpet retried 2 times before success
06-30 05:47:06.568   333   333 E android.hardware.power.stats@1.0-service-mock: Failed to getEnergyData
06-30 05:47:06.593 12984 12984 D TaplEvents: Main / Touch event: MotionEvent { action=ACTION_DOWN, actionButton=0, id[0]=0, x[0]=924.96094, y[0]=736.9629, toolType[0]=TOOL_TYPE_FINGER, buttonState=0, classification=NONE, metaState=META_NUM_LOCK_ON, flags=0x0, edgeFlags=0x0, pointerCount=1, historySize=0, eventTime=10252665, downTime=10252665, deviceId=12, source=0x5002, displayId=0, eventId=405837083 }
06-30 05:47:06.685 12984 12984 D TaplEvents: Main / Touch event: MotionEvent { action=ACTION_UP, actionButton=0, id[0]=0, x[0]=924.96094, y[0]=736.9629, toolType[0]=TOOL_TYPE_FINGER, buttonState=0, classification=NONE, metaState=META_NUM_LOCK_ON, flags=0x0, edgeFlags=0x0, pointerCount=1, historySize=0, eventTime=10252758, downTime=10252665, deviceId=12, source=0x5002, displayId=0, eventId=90805643 }
06-30 05:47:06.701 12984 12984 D TaplEvents: Main / start: startAppShortcutOrInfoActivity
06-30 05:47:06.704 12605 16383 I ActivityTaskManager: START u0 {act=android.intent.action.MAIN cat=[android.intent.category.LAUNCHER] flg=0x10200000 cmp=com.cccs.xxjz/com.unity3d.player.UnityPlayerActivity bnds=[842,608][1043,930]} from uid 10132
06-30 05:47:06.704 12605 16383 W ActivityTaskManager: Can't find TaskDisplayArea to determine support for multi window. Task id=53 attached=false
06-30 05:47:06.705 12605 16383 V SplashScreenExceptionList: SplashScreen checking exception for package com.cccs.xxjz (target sdk:30) -> false
06-30 05:47:06.707 12984 13277 D EGL_emulation: app_time_stats: avg=1935.61ms min=1.60ms max=15404.70ms count=8
06-30 05:47:06.708 12769 12834 D PhoneStartingWindowTypeAlgorithm: preferredStartingWindowType newTask:true taskSwitch:true processRunning:false allowTaskSnapshot:true activityCreated:false useEmptySplashScreen:false legacySplashScreen:false topIsHome:false
06-30 05:47:06.708 12769 12834 D StartingSurfaceDrawer: addSplashScreen com.cccs.xxjz theme=10302e3 task=53 suggestType=1
06-30 05:47:06.708 12769 12834 D StartingSurfaceDrawer: addSplashScreen: creating context based on task Configuration {1.0 310mcc260mnc [zh_CN_#Hans,en_US] ldltr sw392dp w392dp h778dp 440dpi nrml long port finger qwerty/v/v dpad/v winConfig={ mBounds=Rect(0, 0 - 1080, 2340) mAppBounds=Rect(0, 0 - 1080, 2208) mMaxBounds=Rect(0, 0 - 1080, 2340) mWindowingMode=fullscreen mDisplayWindowingMode=fullscreen mActivityType=standard mAlwaysOnTop=undefined mRotation=ROTATION_0} s.1 fontWeightAdjustment=0} for splash screen
06-30 05:47:06.714 12769 12834 D StartingSurfaceDrawer: addSplashScreen: apply overrideConfig{1.0 310mcc260mnc [zh_CN_#Hans,en_US] ldltr sw392dp w392dp h778dp 440dpi nrml long port finger qwerty/v/v dpad/v winConfig={ mBounds=Rect(0, 0 - 1080, 2340) mAppBounds=Rect(0, 0 - 1080, 2208) mMaxBounds=Rect(0, 0 - 1080, 2340) mWindowingMode=fullscreen mDisplayWindowingMode=fullscreen mActivityType=standard mAlwaysOnTop=undefined mRotation=ROTATION_0} s.1 fontWeightAdjustment=0} to starting window resId=17170463
06-30 05:47:06.715 12769 12840 D StartingSurfaceDrawer: window attributes color: 0 icon null duration 0 brandImage null
06-30 05:47:06.720 12769 12840 D StartingSurfaceDrawer: The icon is not an AdaptiveIconDrawable
06-30 05:47:06.726 12605 12626 D CompatibilityChangeReporter: Compat change id reported: 135634846; UID 10146; state: DISABLED
06-30 05:47:06.726 12605 12626 D CompatibilityChangeReporter: Compat change id reported: 177438394; UID 10146; state: DISABLED
06-30 05:47:06.726 12605 12626 D CompatibilityChangeReporter: Compat change id reported: 135772972; UID 10146; state: DISABLED
06-30 05:47:06.726 12605 12626 D CompatibilityChangeReporter: Compat change id reported: 135754954; UID 10146; state: ENABLED
06-30 05:47:06.727 12605 12639 D CompatibilityChangeReporter: Compat change id reported: 143937733; UID 10146; state: ENABLED
06-30 05:47:06.754 12605 12623 W Looper  : Drained
06-30 05:47:06.755   372   379 I BpBinder: onLastStrongRef automatically unlinking death recipients: <uncached descriptor>
06-30 05:47:06.771 12541 12541 D Zygote  : Forked child process 18988
06-30 05:47:06.773 12769 12840 D SplashScreenView: Build android.window.SplashScreenView{132806a V.E...... ......ID 0,0-0,0}
06-30 05:47:06.773 12769 12840 D SplashScreenView: Icon: view: android.widget.ImageView{19d295b V.ED..... ......I. 0,0-0,0 #10204a7 android:id/splashscreen_icon_view} drawable: com.android.wm.shell.startingsurface.SplashscreenIconDrawableFactory$ImmobileIconDrawable@9e685f8 size: 440
06-30 05:47:06.773 12769 12840 D SplashScreenView: Branding: view: android.view.View{9c8cad1 G.ED..... ......I. 0,0-0,0 #10204a6 android:id/splashscreen_branding_view} drawable: null size w: 0 h: 0
06-30 05:47:06.773 12769 12840 D StartingSurfaceDrawer: fillViewWithIcon surfaceWindowView android.window.SplashScreenView{132806a V.E...... ......ID 0,0-0,0}
06-30 05:47:06.781 18988 18988 W com.cccs.xxjz: Unexpected CPU variant for X86 using defaults: x86_64
06-30 05:47:06.803   306   306 D goldfish-address-space: claimShared: Ask to claim region [0x3f1209000 0x3f1bad000]
06-30 05:47:06.822   306   306 D goldfish-address-space: claimShared: Ask to claim region [0x3edffe000 0x3ee9a2000]
06-30 05:47:06.825 12605 12639 W ActivityManager: Slow operation: 99ms so far, now at startProcess: returned from zygote!
06-30 05:47:06.832 12605 12639 W ActivityManager: Slow operation: 106ms so far, now at startProcess: done updating battery stats
06-30 05:47:06.833 12605 12639 W ActivityManager: Slow operation: 107ms so far, now at startProcess: building log message
06-30 05:47:06.835 12605 12639 I ActivityManager: Start proc 18988:com.cccs.xxjz/u0a146 for pre-top-activity {com.cccs.xxjz/com.unity3d.player.UnityPlayerActivity}
06-30 05:47:06.836 12605 12639 W ActivityManager: Slow operation: 110ms so far, now at startProcess: starting to update pids map
06-30 05:47:06.839 12605 12639 W ActivityManager: Slow operation: 113ms so far, now at startProcess: done updating pids map
06-30 05:47:06.840 13258 13258 I GsaVoiceInteractionSrv: Handling ACTION_STOP_HOTWORD
06-30 05:47:06.871   306   306 D goldfish-address-space: claimShared: Ask to claim region [0x3ee9a2000 0x3ef346000]
06-30 05:47:06.911 18988 18988 I ndk_translation: Initialized NDK translation (aarch64), version 0.2.3
06-30 05:47:06.951   307   344 W RanchuHwc: validateDisplay: layer 121 CompositionType 1, fallback
06-30 05:47:06.953   307   344 W RanchuHwc: presentDisplay display has no layers to compose, flushing client target buffer.
06-30 05:47:06.968   307   344 W RanchuHwc: validateDisplay: layer 121 CompositionType 1, fallback
06-30 05:47:06.969   307   344 W RanchuHwc: presentDisplay display has no layers to compose, flushing client target buffer.
06-30 05:47:06.985   307   344 W RanchuHwc: validateDisplay: layer 121 CompositionType 1, fallback
06-30 05:47:06.989   307   344 W RanchuHwc: presentDisplay display has no layers to compose, flushing client target buffer.
06-30 05:47:07.002   307   344 W RanchuHwc: validateDisplay: layer 121 CompositionType 1, fallback
06-30 05:47:07.003   307   344 W RanchuHwc: presentDisplay display has no layers to compose, flushing client target buffer.
06-30 05:47:07.019   307   344 W RanchuHwc: validateDisplay: layer 121 CompositionType 1, fallback
06-30 05:47:07.021   307   344 W RanchuHwc: presentDisplay display has no layers to compose, flushing client target buffer.
06-30 05:47:07.035   307   344 W RanchuHwc: validateDisplay: layer 121 CompositionType 1, fallback
06-30 05:47:07.036   307   344 W RanchuHwc: presentDisplay display has no layers to compose, flushing client target buffer.
06-30 05:47:07.050   307   344 W RanchuHwc: validateDisplay: layer 121 CompositionType 1, fallback
06-30 05:47:07.052   307   344 W RanchuHwc: presentDisplay display has no layers to compose, flushing client target buffer.
06-30 05:47:07.068   307   344 W RanchuHwc: validateDisplay: layer 121 CompositionType 1, fallback
06-30 05:47:07.069   307   344 W RanchuHwc: presentDisplay display has no layers to compose, flushing client target buffer.
06-30 05:47:07.084   307   344 W RanchuHwc: validateDisplay: layer 121 CompositionType 1, fallback
06-30 05:47:07.086   307   344 W RanchuHwc: presentDisplay display has no layers to compose, flushing client target buffer.
06-30 05:47:07.102   307   344 W RanchuHwc: validateDisplay: layer 121 CompositionType 1, fallback
06-30 05:47:07.103   307   344 W RanchuHwc: presentDisplay display has no layers to compose, flushing client target buffer.
06-30 05:47:07.118   307   344 W RanchuHwc: validateDisplay: layer 121 CompositionType 1, fallback
06-30 05:47:07.120   307   344 W RanchuHwc: presentDisplay display has no layers to compose, flushing client target buffer.
06-30 05:47:07.135   307   344 W RanchuHwc: validateDisplay: layer 121 CompositionType 1, fallback
06-30 05:47:07.136   307   344 W RanchuHwc: presentDisplay display has no layers to compose, flushing client target buffer.
06-30 05:47:07.150   307   344 W RanchuHwc: validateDisplay: layer 121 CompositionType 1, fallback
06-30 05:47:07.152   307   344 W RanchuHwc: presentDisplay display has no layers to compose, flushing client target buffer.
06-30 05:47:07.168   307   344 W RanchuHwc: validateDisplay: layer 121 CompositionType 1, fallback
06-30 05:47:07.170   307   344 W RanchuHwc: presentDisplay display has no layers to compose, flushing client target buffer.
06-30 05:47:07.184   307   344 W RanchuHwc: validateDisplay: layer 121 CompositionType 1, fallback
06-30 05:47:07.186   307   344 W RanchuHwc: presentDisplay display has no layers to compose, flushing client target buffer.
06-30 05:47:07.202   307   344 W RanchuHwc: validateDisplay: layer 121 CompositionType 1, fallback
06-30 05:47:07.203   307   344 W RanchuHwc: presentDisplay display has no layers to compose, flushing client target buffer.
06-30 05:47:07.219   307   344 W RanchuHwc: validateDisplay: layer 121 CompositionType 1, fallback
06-30 05:47:07.220   307   344 W RanchuHwc: presentDisplay display has no layers to compose, flushing client target buffer.
06-30 05:47:07.235   307   344 W RanchuHwc: validateDisplay: layer 121 CompositionType 1, fallback
06-30 05:47:07.237   307   344 W RanchuHwc: presentDisplay display has no layers to compose, flushing client target buffer.
06-30 05:47:07.251   307   344 W RanchuHwc: validateDisplay: layer 121 CompositionType 1, fallback
06-30 05:47:07.253   307   344 W RanchuHwc: presentDisplay display has no layers to compose, flushing client target buffer.
06-30 05:47:07.268   307   344 W RanchuHwc: validateDisplay: layer 121 CompositionType 1, fallback
