06-30 05:47:07.270   307   344 W RanchuHwc: presentDisplay display has no layers to compose, flushing client target buffer.
06-30 05:47:07.286   307   344 W RanchuHwc: validateDisplay: layer 121 CompositionType 1, fallback
06-30 05:47:07.288   307   344 W RanchuHwc: presentDisplay display has no layers to compose, flushing client target buffer.
06-30 05:47:07.301   307   344 W RanchuHwc: validateDisplay: layer 121 CompositionType 1, fallback
06-30 05:47:07.303   307   344 W RanchuHwc: presentDisplay display has no layers to compose, flushing client target buffer.
06-30 05:47:07.317   307   344 W RanchuHwc: validateDisplay: layer 121 CompositionType 1, fallback
06-30 05:47:07.319   307   344 W RanchuHwc: presentDisplay display has no layers to compose, flushing client target buffer.
06-30 05:47:07.379 12769 12850 D EGL_emulation: app_time_stats: avg=16047.62ms min=16047.62ms max=16047.62ms count=1
06-30 05:47:07.388 12605 12878 W ActivityManager: Unable to start service Intent { act=android.service.smartspace.SmartspaceService cmp=com.google.android.as/com.google.android.apps.miphone.aiai.app.AiAiSmartspaceService } U=0: not found
06-30 05:47:07.388 12605 12878 W RemoteSmartspaceService: could not bind to Intent { act=android.service.smartspace.SmartspaceService cmp=com.google.android.as/com.google.android.apps.miphone.aiai.app.AiAiSmartspaceService } using flags 67112961
06-30 05:47:07.389 12605 12605 W ActivityManager: Unbind failed: could not find connection for android.app.LoadedApk$ServiceDispatcher$InnerConnection@c9e2c31
06-30 05:47:07.457 12984 13362 W FrameTracker: Missed App frame:80
06-30 05:47:07.457 12984 13362 W FrameTracker: Missed App frame:80
06-30 05:47:07.457 12984 13362 W FrameTracker: Missed App frame:80
06-30 05:47:07.457 12984 13362 W FrameTracker: Missed App frame:80
06-30 05:47:07.457 12984 13362 W FrameTracker: Missed App frame:80
06-30 05:47:07.457 12984 13362 W FrameTracker: Missed App frame:88
06-30 05:47:07.457 12984 13362 W FrameTracker: Missed App frame:80
06-30 05:47:07.457 12984 13362 W FrameTracker: Missed App frame:80
06-30 05:47:07.457 12984 13362 W FrameTracker: Missed App frame:80
06-30 05:47:07.457 12984 13362 W FrameTracker: Missed App frame:80
06-30 05:47:07.457 12984 13362 W FrameTracker: Missed App frame:80
06-30 05:47:07.457 12984 13362 W FrameTracker: Missed App frame:80
06-30 05:47:07.457 12984 13362 W FrameTracker: Missed App frame:80
06-30 05:47:07.457 12984 13362 W FrameTracker: Missed App frame:80
06-30 05:47:07.457 12984 13362 W FrameTracker: Missed App frame:80
06-30 05:47:07.457 12984 13362 W FrameTracker: Missed App frame:80
06-30 05:47:07.457 12984 13362 W FrameTracker: Missed App frame:80
06-30 05:47:07.457 12984 13362 W FrameTracker: Missed App frame:80
06-30 05:47:07.457 12984 13362 W FrameTracker: Missed App frame:80
06-30 05:47:07.457 12984 13362 W FrameTracker: Missed App frame:80
06-30 05:47:07.457 12984 13362 W FrameTracker: Missed App frame:80
06-30 05:47:07.457 12984 13362 W FrameTracker: Missed App frame:80
06-30 05:47:07.457 12984 13362 W FrameTracker: Missed App frame:80
06-30 05:47:07.457 12984 13362 W FrameTracker: Missed App frame:80
06-30 05:47:07.457 12984 13362 V PerfettoTrigger: Not triggering com.android.telemetry.interaction-jank-monitor-8 - not enough time since last trigger
06-30 05:47:07.547  4190  4197 I adbd    : jdwp connection from 18988
06-30 05:47:07.550 18988 18988 D CompatibilityChangeReporter: Compat change id reported: 171979766; UID 10146; state: DISABLED
06-30 05:47:07.559 18988 18988 W ActivityThread: Application com.cccs.xxjz can be debugged on port 8100...
06-30 05:47:07.559 18988 18988 D ApplicationLoaders: Returning zygote-cached class loader: /system/framework/android.test.base.jar
06-30 05:47:07.579 18988 18988 D ApplicationLoaders: Returning zygote-cached class loader: /system/framework/android.test.base.jar
06-30 05:47:07.580 18988 18988 W com.cccs.xxjz: ClassLoaderContext shared library size mismatch. Expected=0, found=2 (PCL[] | PCL[]{PCL[/system/framework/android.test.base.jar*3790657674]#PCL[/system/framework/android.test.mock.jar*2265025959]})
06-30 05:47:07.589 18988 18988 V GraphicsEnvironment: ANGLE Developer option for 'com.cccs.xxjz' set to: 'default'
06-30 05:47:07.589 18988 18988 V GraphicsEnvironment: Neither updatable production driver nor prerelease driver is supported.
06-30 05:47:07.590 18988 18988 D NetworkSecurityConfig: Using Network Security Config from resource network_config debugBuild: false
06-30 05:47:07.590 18988 18988 D NetworkSecurityConfig: Using Network Security Config from resource network_config debugBuild: false
06-30 05:47:07.592 18988 18988 I MultiDex: VM with version 2.1.0 has multidex support
06-30 05:47:07.592 18988 18988 I MultiDex: Installing application
06-30 05:47:07.592 18988 18988 I MultiDex: VM has multidex support, MultiDex support library is disabled.
06-30 05:47:07.609 18988 18988 I Zeus/init: ZeusManager init, context = com.bytedance.ad.sdk.mediation.UnionApplication@37f4c4f, hParam = com.bytedance.pangle.GlobalParam@a8dbfdc
06-30 05:47:07.692 18988 18988 E flipped : init succeeded.
06-30 05:47:07.693 18988 18988 W com.cccs.xxjz: type=1400 audit(0.0:229): avc: denied { getattr } for path="/dev/pmsg0" dev="tmpfs" ino=392 scontext=u:r:untrusted_app:s0:c146,c256,c512,c768 tcontext=u:object_r:pmsg_device:s0 tclass=chr_file permissive=0 app=com.cccs.xxjz
06-30 05:47:07.724 18988 19007 E flipped : Attach current thread 0
06-30 05:47:07.727 18988 19007 E flipped : Detach current thread 0
06-30 05:47:07.729 18988 19008 W DynamiteModule: Local module descriptor class for com.google.android.gms.measurement.dynamite not found.
06-30 05:47:07.730 18988 19009 E flipped : Attach current thread 0
06-30 05:47:07.730 18988 19009 E flipped : Detach current thread 0
06-30 05:47:07.730 18988 19004 W com.cccs.xxjz: Unsupported class loader
06-30 05:47:07.731 18988 18988 W Zeus/init: ZeusManager disableApiWarningShownForAndroidP, true
06-30 05:47:07.732 18988 18988 W Zeus/provider: Need to init system provider info start [packageNam:=com.cccs.xxjz],[processName=com.cccs.xxjz],[authority:com.cccs.xxjz.pangle.provider.proxy.main]
06-30 05:47:07.732 18988 18988 W Zeus/provider: Init system provider info finish [packageNam:=com.cccs.xxjz],[processName=com.cccs.xxjz],[authority:com.cccs.xxjz.pangle.provider.proxy.main]
06-30 05:47:07.741 18988 18988 E TTMediationSDK: user_id
06-30 05:47:07.742 18988 18988 E TTMediationSDK: channer
06-30 05:47:07.742 18988 18988 E TTMediationSDK: sub_channer
06-30 05:47:07.742 18988 18988 E TTMediationSDK: user_value_group
06-30 05:47:07.745 18988 19004 W com.cccs.xxjz: Unsupported class loader
06-30 05:47:07.767 12605 13945 E system_server: Invalid class loader spec: =UnsupportedClassLoaderContext=
06-30 05:47:07.767 12605 13945 E PackageDexUsage: Unsupported context?
06-30 05:47:07.777 18988 19031 D Oaid#   : Oaid#initOaid
06-30 05:47:07.778 18988 19031 D Oaid#   : Oaid#initOaid exec
06-30 05:47:07.778 18988 19031 D Oaid#   : Oaid#initOaid fetch=null
06-30 05:47:07.779 12605 13945 W ActivityManager: Unable to start service Intent { act=com.bun.msa.action.start.service cmp=com.mdid.msa/.service.MsaKlService (has extras) } U=0: not found
06-30 05:47:07.781 18988 19004 I DynamiteModule: Considering local module com.google.android.gms.ads.dynamite:0 and remote module com.google.android.gms.ads.dynamite:213806100
06-30 05:47:07.782 12605 13945 W ActivityManager: Unable to start service Intent { act=com.bun.msa.action.bindto.service cmp=com.mdid.msa/.service.MsaIdService (has extras) } U=0: not found
06-30 05:47:07.792 12605 13945 W TelephonyPermissions: reportAccessDeniedToReadIdentifiers:com.cccs.xxjz:getSerial:-1
06-30 05:47:07.793 12545 19033 D resolv  : GetAddrInfoHandler::run: {100 262244 100 983140 10146 0}
06-30 05:47:07.794 12545 19033 D resolv  : resolv_getaddrinfo: explore_fqdn(): ai_family=0 ai_socktype=1 ai_protocol=6
06-30 05:47:07.794 18988 19008 I DynamiteModule: Considering local module com.google.android.gms.measurement.dynamite:0 and remote module com.google.android.gms.measurement.dynamite:54
06-30 05:47:07.795 18988 19008 I DynamiteModule: Selected remote version of com.google.android.gms.measurement.dynamite, version >= 54
06-30 05:47:07.795 18988 19008 V DynamiteModule: Dynamite loader version >= 2, using loadModule2NoCrashUtils
06-30 05:47:07.800 12545 19036 D resolv  : doQuery: (1, 1)
06-30 05:47:07.800 12545 19036 D resolv  : res_nmkquery: (QUERY, IN, A)
06-30 05:47:07.800 12545 19036 D resolv  : res_nsend
06-30 05:47:07.800 12545 19036 I resolv  : resolv_cache_lookup: lookup
06-30 05:47:07.800 12545 19036 I resolv  : resolv_cache_lookup: NOT IN CACHE (STALE ENTRY 0x701101ddf8d0DISCARDED)
06-30 05:47:07.804 12545 19036 I resolv  : _cache_remove_p: entry 258 removed (count=90)
06-30 05:47:07.804 12545 19036 I resolv  : resolv_populate_res_for_net: netid=100
06-30 05:47:07.804 12545 19035 D resolv  : doQuery: (1, 28)
06-30 05:47:07.805 12545 19035 D resolv  : res_nmkquery: (QUERY, IN, AAAA)
06-30 05:47:07.805 12545 19035 D resolv  : res_nsend
06-30 05:47:07.805 12545 19035 I resolv  : resolv_cache_lookup: lookup
06-30 05:47:07.805 12545 19035 I resolv  : resolv_cache_lookup: NOT IN CACHE (STALE ENTRY 0x7010e1df3210DISCARDED)
06-30 05:47:07.805 12545 19035 I resolv  : _cache_remove_p: entry 259 removed (count=89)
06-30 05:47:07.805 12545 19035 I resolv  : resolv_populate_res_for_net: netid=100
06-30 05:47:07.805 12545 19035 I resolv  : res_stats_usable_server: NS stats: S 58 + E 0 + T 5 + I 1 = 64, rtt = 284, min_samples = 8
06-30 05:47:07.805 12545 19035 I resolv  : res_stats_usable_server: success rate 90
06-30 05:47:07.805 12545 19035 D resolv  : res_nsend: Querying server (# 1) address = 8.8.8.8:53
06-30 05:47:07.805 12545 19035 D resolv  : send_dg: new DG socket
06-30 05:47:07.805 12545 19035 I resolv  : get_timeout: using timeout of 5000 msec
06-30 05:47:07.805 12545 19035 I resolv  : retrying_poll: 55 retrying_poll
06-30 05:47:07.805 18988 19019 I TeaLog  : Inited
06-30 05:47:07.807 18988 19004 I DynamiteModule: Selected remote version of com.google.android.gms.ads.dynamite, version >= 213806100
06-30 05:47:07.807 18988 19004 V DynamiteModule: Dynamite loader version >= 2, using loadModule2NoCrashUtils
06-30 05:47:07.808 12545 19036 I resolv  : res_stats_usable_server: NS stats: S 58 + E 0 + T 5 + I 1 = 64, rtt = 284, min_samples = 8
06-30 05:47:07.808 12545 19036 I resolv  : res_stats_usable_server: success rate 90
06-30 05:47:07.808 12545 19036 D resolv  : res_nsend: Querying server (# 1) address = 8.8.8.8:53
06-30 05:47:07.808 12545 19036 D resolv  : send_dg: new DG socket
06-30 05:47:07.809 12545 19036 I resolv  : get_timeout: using timeout of 5000 msec
06-30 05:47:07.809 12545 19036 I resolv  : retrying_poll: 56 retrying_poll
06-30 05:47:07.811 12605 13945 D WifiNl80211Manager: Scan result ready event
06-30 05:47:07.811 12605 13945 D WifiNative: Scan result ready event
06-30 05:47:07.876 18988 19017 V Zeus/init: PluginManager parsePluginsJson
06-30 05:47:07.879 18988 18988 W com.cccs.xxjz: Class bykvm_19do.bykvm_19do.bykvm_if122.bykvm_19do.bykvm_else10.b failed lock verification and will run slower.
06-30 05:47:07.879 18988 18988 W com.cccs.xxjz: Common causes for lock verification issues are non-optimized dex code
06-30 05:47:07.879 18988 18988 W com.cccs.xxjz: and incorrect proguard optimizations.
06-30 05:47:07.927 18988 19017 I Zeus/init: PluginManagerparsePluginsJson. find com.byted.pangle
06-30 05:47:07.927 18988 19017 I Zeus/init: PluginManager parsePluginsJson success
06-30 05:47:07.927 18988 19017 W Zeus/so : NativeLibHelper inferHostAbiAuto, primaryCpuAbi=arm64-v8a
06-30 05:47:07.928 18988 19017 W Zeus/so : NativeLibHelper inferHostAbiAuto, processMode=64
06-30 05:47:07.928 18988 19017 W Zeus/so : NativeLibHelper inferHostAbiAuto2, sHostAbi=arm64-v8a
06-30 05:47:07.928 18988 19017 I Zeus/init: ZeusSpUtils isHostAbiUpdate HOST_ABI=arm64-v8a, arm64-v8a, result=false
06-30 05:47:07.929 18988 19017 I Zeus/init: Plugin getInstalledMaxVersion, pkg=com.byted.pangle, maxVer=4602
06-30 05:47:07.929 18988 19017 I Zeus/init: ZeusSpUtils getPluginApiVersion pluginPKg = com.byted.pangle, pluginApiVersion = 4306
06-30 05:47:07.929 18988 19017 I Zeus/init: Plugin checkVersionValid, pkg=com.byted.pangle, ver=0, valid=true
06-30 05:47:07.930 18988 19017 I Zeus/init: ZeusSpUtils getHostIdentity pluginPKg = com.byted.pangle, hostIdentity = 29810BF191D99447B1DB128A391F2BF5
06-30 05:47:07.930 18988 19017 I Zeus/init: Plugin initPlugins result=Plugin{pkg=com.byted.pangle, ver=4602, life=2}
06-30 05:47:07.930 18988 19017 I Zeus/init: ZeusSpUtils setHostAbiUpdated HOST_ABI=arm64-v8a --> arm64-v8a
06-30 05:47:07.930 18988 19017 I Zeus/init: ZeusSpUtils getHostIdentity pluginPKg = com.byted.pangle, hostIdentity = 29810BF191D99447B1DB128A391F2BF5
06-30 05:47:07.930 18988 19017 I Zeus/init: ZeusSpUtils setHostIdentity(com.byted.pangle) 29810BF191D99447B1DB128A391F2BF5 --> 29810BF191D99447B1DB128A391F2BF5
06-30 05:47:07.930 18988 19017 I Zeus/init: ZeusSpUtils getPluginApiVersion pluginPKg = com.byted.pangle, pluginApiVersion = 4306
06-30 05:47:07.930 18988 19017 I Zeus/init: ZeusSpUtils setPluginApiVersion 4306 --> 4306
06-30 05:47:07.930 18988 19017 I Zeus/load: PluginLoader watcher[loadPlugin:com.byted.pangle]-start
06-30 05:47:07.931 18988 19017 V Zeus/reporter: eventName: load_start
06-30 05:47:07.931 18988 19017 V Zeus/reporter: categoryData:{
06-30 05:47:07.931 18988 19017 V Zeus/reporter:  "status_code": "40000",
06-30 05:47:07.931 18988 19017 V Zeus/reporter:  "plugin_package_name": "com.byted.pangle",
06-30 05:47:07.931 18988 19017 V Zeus/reporter:  "version_code": "4602",
06-30 05:47:07.931 18988 19017 V Zeus/reporter:  "net_type": "1",
06-30 05:47:07.931 18988 19017 V Zeus/reporter:  "process_name": "com.cccs.xxjz",
06-30 05:47:07.931 18988 19017 V Zeus/reporter:  "plugin_api_version": "4306",
06-30 05:47:07.931 18988 19017 V Zeus/reporter:  "zeus_sdk_version": "0.0.1-beta.4200.41-pangle"
06-30 05:47:07.931 18988 19017 V Zeus/reporter: }
06-30 05:47:07.931 18988 19017 V Zeus/reporter: metricData:{
06-30 05:47:07.931 18988 19017 V Zeus/reporter:  "duration": -1
06-30 05:47:07.931 18988 19017 V Zeus/reporter: }
06-30 05:47:07.931 18988 19017 V Zeus/reporter: logExtrData:{
06-30 05:47:07.931 18988 19017 V Zeus/reporter:  "message": "",
06-30 05:47:07.931 18988 19017 V Zeus/reporter:  "timestamp": "1656568027930"
06-30 05:47:07.931 18988 19017 V Zeus/reporter: }
06-30 05:47:07.931 18988 19017 I Zeus/DefaultReporterImpl: skip default report
06-30 05:47:07.931 18988 19017 I Zeus/load: PluginLoader watcher[load:com.byted.pangle]-start
06-30 05:47:07.931 18988 19017 I Zeus/load: PluginLoader watcher[load:com.byted.pangle]-isInstalled cost=0
06-30 05:47:07.931 18988 19017 I Zeus/load: PluginLoader watcher[load:com.byted.pangle]-getSourceFile cost=0
06-30 05:47:07.931 18988 19017 I Zeus/load: PluginLoader watcher[load:com.byted.pangle]-getNativeLibraryDir cost=0
06-30 05:47:07.931 18988 19017 I Zeus/load: PluginLoader watcher[load:com.byted.pangle]-dalvikCacheDir cost=0
06-30 05:47:07.932 18988 19017 W com.cccs.xxjz: Unsupported class loader
06-30 05:47:08.072 18988 19017 W com.cccs.xxjz: Unsupported class loader
06-30 05:47:08.072 12605 13945 E system_server: Invalid class loader spec: =UnsupportedClassLoaderContext=
06-30 05:47:08.072 12605 13945 E PackageDexUsage: Unsupported context?
06-30 05:47:08.073 18988 19017 I Zeus/load: PluginLoader watcher[load:com.byted.pangle]-classloader cost=142
06-30 05:47:08.088 18988 19008 W com.cccs.xxjz: Verification of ee ec.a() took 264.784ms (1015.92 bytecodes/s) (6808B approximate peak alloc)
06-30 05:47:08.096 18988 19017 I Zeus/load: PluginLoader watcher[load:com.byted.pangle]-getPackageInfo cost=22
06-30 05:47:08.098 18988 19017 I Zeus/load: PluginLoader watcher[load:com.byted.pangle]-setApplication cost=1
06-30 05:47:08.130 18988 19017 I Zeus/load: AssetManagerProcessor invoke AssetManager.addAssetPath() success, cookie = 9, path = /data/app/~~g8ZLd3CioxHvhsQj6tRWnA==/com.google.android.webview-SLy3zbdMmwCnP8DpkGT3MQ==/WebViewGoogle.apk
06-30 05:47:08.130 18988 19017 I Zeus/load: AssetManagerProcessor updateAssetManager, newAssetManager=android.content.res.AssetManager@566122a, assets=[/system/framework/framework-res.apk , /product/overlay/GoogleConfigOverlay.apk , /product/overlay/GoogleWebViewOverlay.apk , /vendor/overlay/framework-res__auto_generated_rro_vendor.apk , /product/overlay/PixelConfigOverlayCommon.apk , /product/overlay/framework-res__auto_generated_rro_product.apk , /product/overlay/EmulatorConfigOverlay.apk , /data/user/0/com.cccs.xxjz/files/pangle_p/com.byted.pangle/version-4602/apk/base-1.apk , /data/app/~~g8ZLd3CioxHvhsQj6tRWnA==/com.google.android.webview-SLy3zbdMmwCnP8DpkGT3MQ==/WebViewGoogle.apk]
06-30 05:47:08.131 18988 19017 I Zeus/load: AssetManagerProcessor invoke AssetManager.addAssetPath() success, cookie = 10, path = /data/app/~~L0tv2kTeCyl_Q_hf8YXvaA==/com.google.android.trichromelibrary_447211487-ThD0HyUgvXC36m765vNTPg==/TrichromeLibrary.apk
06-30 05:47:08.131 18988 19017 I Zeus/load: AssetManagerProcessor updateAssetManager, newAssetManager=android.content.res.AssetManager@566122a, assets=[/system/framework/framework-res.apk , /product/overlay/GoogleConfigOverlay.apk , /product/overlay/GoogleWebViewOverlay.apk , /vendor/overlay/framework-res__auto_generated_rro_vendor.apk , /product/overlay/PixelConfigOverlayCommon.apk , /product/overlay/framework-res__auto_generated_rro_product.apk , /product/overlay/EmulatorConfigOverlay.apk , /data/user/0/com.cccs.xxjz/files/pangle_p/com.byted.pangle/version-4602/apk/base-1.apk , /data/app/~~g8ZLd3CioxHvhsQj6tRWnA==/com.google.android.webview-SLy3zbdMmwCnP8DpkGT3MQ==/WebViewGoogle.apk , /data/app/~~L0tv2kTeCyl_Q_hf8YXvaA==/com.google.android.trichromelibrary_447211487-ThD0HyUgvXC36m765vNTPg==/TrichromeLibrary.apk]
06-30 05:47:08.145 18988 19017 I Zeus/load: AssetManagerProcessor invoke AssetManager.addAssetPath() success, cookie = 11, path = /data/app/~~FMZK1b4yNfdWaPhRdXFqZw==/com.cccs.xxjz-T9G5hdPu_FjlNI_gjlyrhg==/base.apk
06-30 05:47:08.145 18988 19017 I Zeus/load: AssetManagerProcessor updateAssetManager, newAssetManager=android.content.res.AssetManager@566122a, assets=[/system/framework/framework-res.apk , /product/overlay/GoogleConfigOverlay.apk , /product/overlay/GoogleWebViewOverlay.apk , /vendor/overlay/framework-res__auto_generated_rro_vendor.apk , /product/overlay/PixelConfigOverlayCommon.apk , /product/overlay/framework-res__auto_generated_rro_product.apk , /product/overlay/EmulatorConfigOverlay.apk , /data/user/0/com.cccs.xxjz/files/pangle_p/com.byted.pangle/version-4602/apk/base-1.apk , /data/app/~~g8ZLd3CioxHvhsQj6tRWnA==/com.google.android.webview-SLy3zbdMmwCnP8DpkGT3MQ==/WebViewGoogle.apk , /data/app/~~L0tv2kTeCyl_Q_hf8YXvaA==/com.google.android.trichromelibrary_447211487-ThD0HyUgvXC36m765vNTPg==/TrichromeLibrary.apk , /data/app/~~FMZK1b4yNfdWaPhRdXFqZw==/com.cccs.xxjz-T9G5hdPu_FjlNI_gjlyrhg==/base.apk]
06-30 05:47:08.146 18988 19017 I Zeus/load: PluginLoader watcher[load:com.byted.pangle]-makeResources cost=46
06-30 05:47:08.146 18988 19017 I Zeus/load: PluginLoader watcher[load:com.byted.pangle]-resolveActivityServices cost=0
06-30 05:47:08.148 18988 19017 I Zeus/load: PluginLoader watcher[load:com.byted.pangle]-resolveReceiver cost=0
06-30 05:47:08.149 18988 19017 I Zeus/load: PluginLoader watcher[load:com.byted.pangle]-resolveProvider cost=0
06-30 05:47:08.150 18988 19017 I Zeus/load: PluginLoader watcher[load:com.byted.pangle]-installProvider cost=0
06-30 05:47:08.156 18988 19017 I Zeus/load: PluginLoader watcher[load:com.byted.pangle]-makeApplication cost=6
06-30 05:47:08.160 18988 19017 I Zeus/load: PluginLoader watcher[loadPlugin:com.byted.pangle]-loadPluginInternal:true cost=230, total=230
06-30 05:47:08.162 18988 19017 V Zeus/reporter: eventName: load_finish
06-30 05:47:08.162 18988 19017 V Zeus/reporter: categoryData:{
06-30 05:47:08.162 18988 19017 V Zeus/reporter:  "status_code": "41000",
06-30 05:47:08.162 18988 19017 V Zeus/reporter:  "plugin_package_name": "com.byted.pangle",
06-30 05:47:08.162 18988 19017 V Zeus/reporter:  "version_code": "4602",
06-30 05:47:08.162 18988 19017 V Zeus/reporter:  "net_type": "1",
06-30 05:47:08.162 18988 19017 V Zeus/reporter:  "process_name": "com.cccs.xxjz",
06-30 05:47:08.162 18988 19017 V Zeus/reporter:  "plugin_api_version": "4306",
06-30 05:47:08.162 18988 19017 V Zeus/reporter:  "zeus_sdk_version": "0.0.1-beta.4200.41-pangle"
06-30 05:47:08.162 18988 19017 V Zeus/reporter: }
06-30 05:47:08.162 18988 19017 V Zeus/reporter: metricData:{
06-30 05:47:08.162 18988 19017 V Zeus/reporter:  "duration": 231
06-30 05:47:08.162 18988 19017 V Zeus/reporter: }
06-30 05:47:08.162 18988 19017 V Zeus/reporter: logExtrData:{
06-30 05:47:08.162 18988 19017 V Zeus/reporter:  "message": "classloader cost:142;getPackageInfo cost:22;makeResources cost:46;",
06-30 05:47:08.162 18988 19017 V Zeus/reporter:  "timestamp": "1656568028161"
06-30 05:47:08.162 18988 19017 V Zeus/reporter: }
06-30 05:47:08.162 18988 19017 I Zeus/DefaultReporterImpl: skip default report
06-30 05:47:08.165 18988 19017 I Zeus/load: PluginLoader loadFinished, Plugin{pkg=com.byted.pangle, ver=4602, life=3}
06-30 05:47:08.165 18988 19017 I Zeus/load: PluginLoader postResult, LOADED com.byted.pangle
06-30 05:47:08.178 18988 19065 I Zeus/init: ZeusScanRunnable listPluginDownloadDir, dir = /data/user/0/com.cccs.xxjz/app_tt_pangle_bykv_file/pangle_com.byted.pangle/next
06-30 05:47:08.198 18988 19017 D TT_AD_SDK: Create TTAdManager
06-30 05:47:08.212 18988 19065 I Zeus/init: ZeusScanRunnable listPluginDownloadDir, dir = /storage/emulated/0/Android/data/com.cccs.xxjz/files/.pangle_d
06-30 05:47:08.328 12545 19071 D resolv  : GetAddrInfoHandler::run: {100 262244 100 983140 10146 0}
06-30 05:47:08.328 12545 19071 D resolv  : resolv_getaddrinfo: explore_fqdn(): ai_family=0 ai_socktype=1 ai_protocol=6
06-30 05:47:08.328 12545 19073 D resolv  : doQuery: (1, 1)
06-30 05:47:08.329 12545 19073 D resolv  : res_nmkquery: (QUERY, IN, A)
06-30 05:47:08.329 12545 19073 D resolv  : res_nsend
06-30 05:47:08.329 12545 19073 I resolv  : resolv_cache_lookup: lookup
06-30 05:47:08.329 12545 19073 I resolv  : resolv_cache_lookup: NOT IN CACHE (STALE ENTRY 0x701111de8c90DISCARDED)
06-30 05:47:08.329 12545 19073 I resolv  : _cache_remove_p: entry 278 removed (count=88)
06-30 05:47:08.330 12545 19073 I resolv  : resolv_populate_res_for_net: netid=100
06-30 05:47:08.330 18988 19008 W DynamiteModule: Local module descriptor class for com.google.android.gms.measurement.dynamite not found.
06-30 05:47:08.330 12545 19072 D resolv  : doQuery: (1, 28)
06-30 05:47:08.331 12545 19072 D resolv  : res_nmkquery: (QUERY, IN, AAAA)
06-30 05:47:08.331 12545 19072 D resolv  : res_nsend
06-30 05:47:08.331 12545 19072 I resolv  : resolv_cache_lookup: lookup
06-30 05:47:08.331 12545 19072 I resolv  : resolv_cache_lookup: NOT IN CACHE (STALE ENTRY 0x701101de0dd0DISCARDED)
06-30 05:47:08.331 12545 19072 I resolv  : _cache_remove_p: entry 279 removed (count=87)
06-30 05:47:08.331 12545 19072 I resolv  : resolv_populate_res_for_net: netid=100
06-30 05:47:08.331 12545 19072 I resolv  : res_stats_usable_server: NS stats: S 58 + E 0 + T 5 + I 1 = 64, rtt = 284, min_samples = 8
06-30 05:47:08.331 12545 19072 I resolv  : res_stats_usable_server: success rate 90
06-30 05:47:08.331 12545 19072 D resolv  : res_nsend: Querying server (# 1) address = 8.8.8.8:53
06-30 05:47:08.331 12545 19072 D resolv  : send_dg: new DG socket
06-30 05:47:08.332 12545 19072 I resolv  : get_timeout: using timeout of 5000 msec
06-30 05:47:08.332 12545 19072 I resolv  : retrying_poll: 58 retrying_poll
06-30 05:47:08.333 12545 19073 I resolv  : res_stats_usable_server: NS stats: S 58 + E 0 + T 5 + I 1 = 64, rtt = 284, min_samples = 8
06-30 05:47:08.333 12545 19073 I resolv  : res_stats_usable_server: success rate 90
06-30 05:47:08.340 12545 19073 D resolv  : res_nsend: Querying server (# 1) address = 8.8.8.8:53
06-30 05:47:08.340 12545 19073 D resolv  : send_dg: new DG socket
06-30 05:47:08.340 12545 19073 I resolv  : get_timeout: using timeout of 5000 msec
06-30 05:47:08.340 12545 19073 I resolv  : retrying_poll: 60 retrying_poll
06-30 05:47:08.388 12769 12850 D EGL_emulation: app_time_stats: avg=4.56ms min=0.86ms max=52.66ms count=58
06-30 05:47:08.722 12545 19035 I resolv  : retrying_poll: 55 retrying_poll returning 1
06-30 05:47:08.722 12545 19035 I resolv  : res_nsend: used send_dg 158 terrno: 0
06-30 05:47:08.722 12545 19035 I resolv  : res_stats_set_sample: rcode = 0, sec = 917
06-30 05:47:08.722 12545 19035 I resolv  : res_cache_add_stats_sample_locked: adding sample to stats, next = 53, count = 64
06-30 05:47:08.722 12545 19035 D resolv  : res_nsend: got answer:
06-30 05:47:08.722 12545 19035 I resolv  : answer_getTTL: TTL = 60
06-30 05:47:08.722 12545 19035 I resolv  : _cache_add_p: entry 289 added (count=88)
06-30 05:47:08.722 12545 19035 I resolv  : cache_dump_mru_locked: MRU LIST (88):  289 288 285 287 283 281 280 277 276 273 275 272 274 41 270 268 269 267 266 265 264 263 262 245 244 243 242 241 240 239 227 236 200 235 234 233 232 231 229 228 193 217 216 215 213 210 209 188 189 208 205 204 203 202 199 198 192 159 154 149 148 131 130 129 128 126 69 103 102 43 95 28 57 8 83 82 52 12 45 44 36 35 18 13 9 10 15 14
06-30 05:47:08.722 12545 19035 D resolv  : doQuery: rcode=0, ancount=2
06-30 05:47:08.813 18988 19070 W com.cccs.xxjz: Verification of void com.bytedance.sdk.openadsdk.core.y.f.a() took 462.835ms (4366.56 bytecodes/s) (27776B approximate peak alloc)
06-30 05:47:08.855 18988 19076 W CuidBuddyInfoManager: galaxy lib host missing meta-data,make sure you know the right way to integrate galaxy
06-30 05:47:08.855 18988 19076 W CuidBuddyInfoManager: galaxy lib host missing meta-data,make sure you know the right way to integrate galaxy
06-30 05:47:08.855 18988 19076 W CuidBuddyInfoManager: galaxy lib host missing meta-data,make sure you know the right way to integrate galaxy
06-30 05:47:08.857 18988 19074 W com.cccs.xxjz: Verification of void lo.<init>(it) took 192.162ms (166.53 bytecodes/s) (2096B approximate peak alloc)
06-30 05:47:08.930 12545 19036 I resolv  : retrying_poll: 56 retrying_poll returning 1
06-30 05:47:08.930 12545 19036 I resolv  : res_nsend: used send_dg 237 terrno: 0
06-30 05:47:08.930 12545 19036 I resolv  : res_stats_set_sample: rcode = 0, sec = 1121
06-30 05:47:08.930 12545 19036 I resolv  : res_cache_add_stats_sample_locked: adding sample to stats, next = 54, count = 64
06-30 05:47:08.930 12545 19036 D resolv  : res_nsend: got answer:
06-30 05:47:08.930 12545 19036 I resolv  : answer_getTTL: TTL = 60
06-30 05:47:08.930 12545 19036 I resolv  : _cache_add_p: entry 290 added (count=89)
06-30 05:47:08.930 12545 19036 I resolv  : cache_dump_mru_locked: MRU LIST (89):  290 289 288 285 287 283 281 280 277 276 273 275 272 274 41 270 268 269 267 266 265 264 263 262 245 244 243 242 241 240 239 227 236 200 235 234 233 232 231 229 228 193 217 216 215 213 210 209 188 189 208 205 204 203 202 199 198 192 159 154 149 148 131 130 129 128 126 69 103 102 43 95 28 57 8 83 82 52 12 45 44 36 35 18 13 9 10 15 14
06-30 05:47:08.930 12545 19036 D resolv  : doQuery: rcode=0, ancount=10
06-30 05:47:08.931 12545 19033 I ResolverController: No valid NAT64 prefix (100, <unspecified>/0)
06-30 05:47:09.008 12901 15054 W TelephonyPermissions: reportAccessDeniedToReadIdentifiers:com.cccs.xxjz:getDeviceId:1
06-30 05:47:09.010 12605 13945 W WifiService: Permission violation - getScanResults not allowed for uid=10146, packageName=com.cccs.xxjz, reason=java.lang.SecurityException: UID 10146 has no location permission
06-30 05:47:09.012 12605 13945 W TelephonyPermissions: reportAccessDeniedToReadIdentifiers:com.cccs.xxjz:getSerial:-1
06-30 05:47:09.046 12605 13945 W ActivityManager: Unable to start service Intent { act=com.bun.msa.action.start.service cmp=com.mdid.msa/.service.MsaKlService (has extras) } U=0: not found
06-30 05:47:09.049 12605 13945 W ActivityManager: Unable to start service Intent { act=com.bun.msa.action.bindto.service cmp=com.mdid.msa/.service.MsaIdService (has extras) } U=0: not found
06-30 05:47:09.056 18988 19074 W com.cccs.xxjz: Verification of void ln.onServiceConnected(android.content.ComponentName, android.os.IBinder) took 139.886ms (1050.85 bytecodes/s) (5872B approximate peak alloc)
06-30 05:47:09.079 12605 13945 W TelephonyPermissions: reportAccessDeniedToReadIdentifiers:com.cccs.xxjz:getSerial:-1
06-30 05:47:09.080 18988 19087 I Zeus/receiver: ZeusTransformUtils-registerReceiver-execute
06-30 05:47:09.081 18988 19087 I TeaLog  : Inited
06-30 05:47:09.132 18988 18999 W System  : A resource failed to call close. 
06-30 05:47:09.223 18988 19074 I Ads     : App measurement initialized, version: 45018
06-30 05:47:09.223 18988 19074 I Ads     : To enable debug logging run: adb shell setprop log.tag.FA VERBOSE
06-30 05:47:09.271 13445 13445 D BoundBrokerSvc: onBind: Intent { act=com.google.android.gms.measurement.START pkg=com.google.android.gms }
06-30 05:47:09.271 13445 13445 D BoundBrokerSvc: Loading bound service for intent: Intent { act=com.google.android.gms.measurement.START pkg=com.google.android.gms }
06-30 05:47:09.323 18988 18988 F com.cccs.xxjz: jni_internal.cc:748] JNI FatalError called: Unable to load library: /data/app/~~FMZK1b4yNfdWaPhRdXFqZw==/com.cccs.xxjz-T9G5hdPu_FjlNI_gjlyrhg==/lib/arm64/libil2cpp.so [dlopen failed: library "libil2cpp.so" not found]
06-30 05:47:09.368 18988 19028 E ignored : java.lang.NullPointerException: Attempt to invoke virtual method 'java.lang.Object android.content.Context.getSystemService(java.lang.String)' on a null object reference
06-30 05:47:09.388 12545 19110 D resolv  : GetAddrInfoHandler::run: {100 262244 100 983140 10146 0}
06-30 05:47:09.388 12545 19110 D resolv  : resolv_getaddrinfo: explore_fqdn(): ai_family=0 ai_socktype=1 ai_protocol=6
06-30 05:47:09.388 12545 19112 D resolv  : doQuery: (1, 1)
06-30 05:47:09.388 12545 19112 D resolv  : res_nmkquery: (QUERY, IN, A)
06-30 05:47:09.389 12545 19112 D resolv  : res_nsend
06-30 05:47:09.389 12545 19112 I resolv  : resolv_cache_lookup: lookup
06-30 05:47:09.389 12545 19112 I resolv  : resolv_cache_lookup: NOT IN CACHE (STALE ENTRY 0x701101de4410DISCARDED)
06-30 05:47:09.389 12545 19112 I resolv  : _cache_remove_p: entry 263 removed (count=88)
06-30 05:47:09.389 12545 19112 I resolv  : resolv_populate_res_for_net: netid=100
06-30 05:47:09.389 12545 19111 D resolv  : doQuery: (1, 28)
06-30 05:47:09.389 12545 19111 D resolv  : res_nmkquery: (QUERY, IN, AAAA)
06-30 05:47:09.390 12545 19111 D resolv  : res_nsend
06-30 05:47:09.390 12545 19111 I resolv  : resolv_cache_lookup: lookup
06-30 05:47:09.390 12545 19111 I resolv  : resolv_cache_lookup: NOT IN CACHE (STALE ENTRY 0x7010e1debd10DISCARDED)
06-30 05:47:09.390 12545 19111 I resolv  : _cache_remove_p: entry 262 removed (count=87)
06-30 05:47:09.390 12545 19111 I resolv  : resolv_populate_res_for_net: netid=100
06-30 05:47:09.390 12545 19111 I resolv  : res_stats_usable_server: NS stats: S 58 + E 0 + T 5 + I 1 = 64, rtt = 290, min_samples = 8
06-30 05:47:09.390 12545 19111 I resolv  : res_stats_usable_server: success rate 90
06-30 05:47:09.390 12545 19111 D resolv  : res_nsend: Querying server (# 1) address = 8.8.8.8:53
06-30 05:47:09.390 12545 19111 D resolv  : send_dg: new DG socket
06-30 05:47:09.391 12545 19111 I resolv  : get_timeout: using timeout of 5000 msec
06-30 05:47:09.392 12545 19112 I resolv  : res_stats_usable_server: NS stats: S 58 + E 0 + T 5 + I 1 = 64, rtt = 290, min_samples = 8
06-30 05:47:09.392 12545 19112 I resolv  : res_stats_usable_server: success rate 90
06-30 05:47:09.392 12545 19112 D resolv  : res_nsend: Querying server (# 1) address = 8.8.8.8:53
06-30 05:47:09.392 12545 19112 D resolv  : send_dg: new DG socket
06-30 05:47:09.392 12545 19112 I resolv  : get_timeout: using timeout of 5000 msec
06-30 05:47:09.392 12545 19112 I resolv  : retrying_poll: 56 retrying_poll
06-30 05:47:09.392 12545 19111 I resolv  : retrying_poll: 55 retrying_poll
06-30 05:47:09.408 12545 19073 I resolv  : retrying_poll: 60 retrying_poll returning 1
06-30 05:47:09.408 12545 19073 I resolv  : res_nsend: used send_dg 428 terrno: 0
06-30 05:47:09.408 12545 19073 I resolv  : res_stats_set_sample: rcode = 0, sec = 1068
06-30 05:47:09.408 12545 19073 I resolv  : res_cache_add_stats_sample_locked: adding sample to stats, next = 55, count = 64
06-30 05:47:09.408 12545 19073 D resolv  : res_nsend: got answer:
06-30 05:47:09.408 12545 19073 I resolv  : answer_getTTL: TTL = 60
06-30 05:47:09.408 12545 19073 I resolv  : _cache_add_p: entry 291 added (count=88)
06-30 05:47:09.408 12545 19073 I resolv  : cache_dump_mru_locked: MRU LIST (88):  291 290 289 288 285 287 283 281 280 277 276 273 275 272 274 41 270 268 269 267 266 265 264 245 244 243 242 241 240 239 227 236 200 235 234 233 232 231 229 228 193 217 216 215 213 210 209 188 189 208 205 204 203 202 199 198 192 159 154 149 148 131 130 129 128 126 69 103 102 43 95 28 57 8 83 82 52 12 45 44 36 35 18 13 9 10 15 14
06-30 05:47:09.408 12545 19073 D resolv  : doQuery: rcode=0, ancount=18
06-30 05:47:09.408 12545 19072 I resolv  : retrying_poll: 58 retrying_poll returning 1
06-30 05:47:09.408 12545 19072 I resolv  : res_nsend: used send_dg 221 terrno: 0
06-30 05:47:09.408 12545 19072 I resolv  : res_stats_set_sample: rcode = 0, sec = 1076
06-30 05:47:09.408 12545 19072 I resolv  : res_cache_add_stats_sample_locked: adding sample to stats, next = 56, count = 64
06-30 05:47:09.408 12545 19072 D resolv  : res_nsend: got answer:
06-30 05:47:09.408 12545 19072 I resolv  : answer_getTTL: TTL = 28
06-30 05:47:09.408 12545 19072 I resolv  : _cache_add_p: entry 292 added (count=89)
06-30 05:47:09.408 12545 19072 I resolv  : cache_dump_mru_locked: MRU LIST (89):  292 291 290 289 288 285 287 283 281 280 277 276 273 275 272 274 41 270 268 269 267 266 265 264 245 244 243 242 241 240 239 227 236 200 235 234 233 232 231 229 228 193 217 216 215 213 210 209 188 189 208 205 204 203 202 199 198 192 159 154 149 148 131 130 129 128 126 69 103 102 43 95 28 57 8 83 82 52 12 45 44 36 35 18 13 9 10 15 14
06-30 05:47:09.408 12545 19072 D resolv  : doQuery: rcode=0, ancount=2
06-30 05:47:09.409 12545 19071 I ResolverController: No valid NAT64 prefix (100, <unspecified>/0)
06-30 05:47:09.416 12545 19111 I resolv  : retrying_poll: 55 retrying_poll returning 1
06-30 05:47:09.416 12545 19111 I resolv  : res_nsend: used send_dg 143 terrno: 0
06-30 05:47:09.416 12545 19111 I resolv  : res_stats_set_sample: rcode = 0, sec = 24
06-30 05:47:09.416 12545 19111 I resolv  : res_cache_add_stats_sample_locked: adding sample to stats, next = 57, count = 64
06-30 05:47:09.416 12545 19111 D resolv  : res_nsend: got answer:
06-30 05:47:09.416 12545 19111 I resolv  : answer_getTTL: TTL = 600
06-30 05:47:09.416 12545 19111 I resolv  : _cache_add_p: entry 293 added (count=90)
06-30 05:47:09.416 12545 19111 I resolv  : cache_dump_mru_locked: MRU LIST (90):  293 292 291 290 289 288 285 287 283 281 280 277 276 273 275 272 274 41 270 268 269 267 266 265 264 245 244 243 242 241 240 239 227 236 200 235 234 233 232 231 229 228 193 217 216 215 213 210 209 188 189 208 205 204 203 202 199 198 192 159 154 149 148 131 130 129 128 126 69 103 102 43 95 28 57 8 83 82 52 12 45 44 36 35 18 13 9 10 15 14
06-30 05:47:09.416 12545 19111 D resolv  : doQuery: rcode=0, ancount=1
06-30 05:47:09.516 18988 18988 F com.cccs.xxjz: runtime.cc:669] Runtime aborting...
06-30 05:47:09.516 18988 18988 F com.cccs.xxjz: runtime.cc:669] Dumping all threads without mutator lock held
06-30 05:47:09.516 18988 18988 F com.cccs.xxjz: runtime.cc:669] All threads:
06-30 05:47:09.516 18988 18988 F com.cccs.xxjz: runtime.cc:669] DALVIK THREADS (58):
06-30 05:47:09.516 18988 18988 F com.cccs.xxjz: runtime.cc:669] "main" prio=10 tid=1 Runnable
06-30 05:47:09.516 18988 18988 F com.cccs.xxjz: runtime.cc:669]   | group="" sCount=0 ucsCount=0 flags=0 obj=0x71ca1960 self=0x72cdf6864010
06-30 05:47:09.516 18988 18988 F com.cccs.xxjz: runtime.cc:669]   | sysTid=18988 nice=-10 cgrp=top-app sched=0/0 handle=0x72cf370b84f8
06-30 05:47:09.516 18988 18988 F com.cccs.xxjz: runtime.cc:669]   | state=R schedstat=( 735876690 858636992 571 ) utm=32 stm=41 core=0 HZ=100
06-30 05:47:09.516 18988 18988 F com.cccs.xxjz: runtime.cc:669]   | stack=0x7fff7d369000-0x7fff7d36b000 stackSize=8188KB
06-30 05:47:09.516 18988 18988 F com.cccs.xxjz: runtime.cc:669]   | held mutexes= "abort lock" "mutator lock"(shared held)
06-30 05:47:09.516 18988 18988 F com.cccs.xxjz: runtime.cc:669]   native: #00 pc 000000000073cd7f  /apex/com.android.art/lib64/libart.so (art::DumpNativeStack(std::__1::basic_ostream<char, std::__1::char_traits<char> >&, int, BacktraceMap*, char const*, art::ArtMethod*, void*, bool)+127)
06-30 05:47:09.516 18988 18988 F com.cccs.xxjz: runtime.cc:669]   native: #01 pc 0000000000882570  /apex/com.android.art/lib64/libart.so (art::Thread::DumpStack(std::__1::basic_ostream<char, std::__1::char_traits<char> >&, bool, BacktraceMap*, bool) const+368)
06-30 05:47:09.516 18988 18988 F com.cccs.xxjz: runtime.cc:669]   native: #02 pc 00000000008a32fa  /apex/com.android.art/lib64/libart.so (art::DumpCheckpoint::Run(art::Thread*)+1082)
06-30 05:47:09.516 18988 18988 F com.cccs.xxjz: runtime.cc:669]   native: #03 pc 000000000089c1ac  /apex/com.android.art/lib64/libart.so (art::ThreadList::RunCheckpoint(art::Closure*, art::Closure*)+220)
06-30 05:47:09.516 18988 18988 F com.cccs.xxjz: runtime.cc:669]   native: #04 pc 000000000089b41b  /apex/com.android.art/lib64/libart.so (art::ThreadList::Dump(std::__1::basic_ostream<char, std::__1::char_traits<char> >&, bool)+1723)
06-30 05:47:09.516 18988 18988 F com.cccs.xxjz: runtime.cc:669]   native: #05 pc 000000000082271f  /apex/com.android.art/lib64/libart.so (art::Runtime::Abort(char const*)+2319)
06-30 05:47:09.516 18988 18988 F com.cccs.xxjz: runtime.cc:669]   native: #06 pc 00000000000194ac  /apex/com.android.art/lib64/libbase.so (android::base::SetAborter(std::__1::function<void (char const*)>&&)::$_3::__invoke(char const*)+60)
06-30 05:47:09.516 18988 18988 F com.cccs.xxjz: runtime.cc:669]   native: #07 pc 0000000000018ac0  /apex/com.android.art/lib64/libbase.so (android::base::LogMessage::~LogMessage()+352)
06-30 05:47:09.516 18988 18988 F com.cccs.xxjz: runtime.cc:669]   native: #08 pc 000000000062ff79  /apex/com.android.art/lib64/libart.so (art::JNI<false>::FatalError(_JNIEnv*, char const*)+185)
06-30 05:47:09.516 18988 18988 F com.cccs.xxjz: runtime.cc:669]   native: #09 pc 00000000001c6fc3  <anonymous:72cc2061e000> (???)
06-30 05:47:09.516 18988 18988 F com.cccs.xxjz: runtime.cc:669]   at com.unity3d.player.NativeLoader.load(Native method)
06-30 05:47:09.516 18988 18988 F com.cccs.xxjz: runtime.cc:669]   at com.unity3d.player.UnityPlayer.loadNative(unavailable:-1)
06-30 05:47:09.516 18988 18988 F com.cccs.xxjz: runtime.cc:669]   at com.unity3d.player.UnityPlayer.<init>(unavailable:-1)
06-30 05:47:09.516 18988 18988 F com.cccs.xxjz: runtime.cc:669]   at com.unity3d.player.UnityPlayerActivity.onCreate(UnityPlayerActivity.java:41)
06-30 05:47:09.516 18988 18988 F com.cccs.xxjz: runtime.cc:669]   at android.app.Activity.performCreate(Activity.java:8051)
06-30 05:47:09.516 18988 18988 F com.cccs.xxjz: runtime.cc:669]   at android.app.Activity.performCreate(Activity.java:8031)
06-30 05:47:09.516 18988 18988 F com.cccs.xxjz: runtime.cc:669]   at android.app.Instrumentation.callActivityOnCreate(Instrumentation.java:1329)
06-30 05:47:09.516 18988 18988 F com.cccs.xxjz: runtime.cc:669]   at android.app.ActivityThread.performLaunchActivity(ActivityThread.java:3608)
06-30 05:47:09.516 18988 18988 F com.cccs.xxjz: runtime.cc:669]   at android.app.ActivityThread.handleLaunchActivity(ActivityThread.java:3792)
06-30 05:47:09.516 18988 18988 F com.cccs.xxjz: runtime.cc:669]   at android.app.servertransaction.LaunchActivityItem.execute(LaunchActivityItem.java:103)
06-30 05:47:09.516 18988 18988 F com.cccs.xxjz: runtime.cc:669]   at android.app.servertransaction.TransactionExecutor.executeCallbacks(TransactionExecutor.java:135)
06-30 05:47:09.516 18988 18988 F com.cccs.xxjz: runtime.cc:669]   at android.app.servertransaction.TransactionExecutor.execute(TransactionExecutor.java:95)
06-30 05:47:09.516 18988 18988 F com.cccs.xxjz: runtime.cc:669]   at android.app.ActivityThread$H.handleMessage(ActivityThread.java:2210)
06-30 05:47:09.516 18988 18988 F com.cccs.xxjz: runtime.cc:669]   at android.os.Handler.dispatchMessage(Handler.java:106)
06-30 05:47:09.516 18988 18988 F com.cccs.xxjz: runtime.cc:669]   at android.os.Looper.loopOnce(Looper.java:201)
06-30 05:47:09.516 18988 18988 F com.cccs.xxjz: runtime.cc:669]   at android.os.Looper.loop(Looper.java:288)
06-30 05:47:09.516 18988 18988 F com.cccs.xxjz: runtime.cc:669]   at android.app.ActivityThread.main(ActivityThread.java:7839)
06-30 05:47:09.516 18988 18988 F com.cccs.xxjz: runtime.cc:669]   at java.lang.reflect.Method.invoke(Native method)
06-30 05:47:09.516 18988 18988 F com.cccs.xxjz: runtime.cc:669]   at com.android.internal.os.RuntimeInit$MethodAndArgsCaller.run(RuntimeInit.java:548)
06-30 05:47:09.516 18988 18988 F com.cccs.xxjz: runtime.cc:669]   at com.android.internal.os.ZygoteInit.main(ZygoteInit.java:1003)
06-30 05:47:09.516 18988 18988 F com.cccs.xxjz: runtime.cc:669] 
06-30 05:47:09.519 18988 18988 F com.cccs.xxjz: runtime.cc:669] "tt_pangle_thread_OkHttp https://api-access.pangolin-sdk-toutiao.com/..." prio=5 tid=38 Runnable
06-30 05:47:09.519 18988 18988 F com.cccs.xxjz: runtime.cc:669]   | group="" sCount=0 ucsCount=0 flags=0 obj=0x140c3c28 self=0x72cdf68ca900
06-30 05:47:09.519 18988 18988 F com.cccs.xxjz: runtime.cc:669]   | sysTid=19068 nice=0 cgrp=top-app sched=0/0 handle=0x72cc13388cf0
06-30 05:47:09.519 18988 18988 F com.cccs.xxjz: runtime.cc:669]   | state=R schedstat=( 882103 56758472 7 ) utm=0 stm=0 core=0 HZ=100
06-30 05:47:09.519 18988 18988 F com.cccs.xxjz: runtime.cc:669]   | stack=0x72cc13286000-0x72cc13288000 stackSize=1035KB
06-30 05:47:09.519 18988 18988 F com.cccs.xxjz: runtime.cc:669]   | held mutexes= "mutator lock"(shared held)
06-30 05:47:09.519 18988 18988 F com.cccs.xxjz: runtime.cc:669]   native: #00 pc 000000000073cd7f  /apex/com.android.art/lib64/libart.so (art::DumpNativeStack(std::__1::basic_ostream<char, std::__1::char_traits<char> >&, int, BacktraceMap*, char const*, art::ArtMethod*, void*, bool)+127)
06-30 05:47:09.519 18988 18988 F com.cccs.xxjz: runtime.cc:669]   native: #01 pc 0000000000882570  /apex/com.android.art/lib64/libart.so (art::Thread::DumpStack(std::__1::basic_ostream<char, std::__1::char_traits<char> >&, bool, BacktraceMap*, bool) const+368)
06-30 05:47:09.519 18988 18988 F com.cccs.xxjz: runtime.cc:669]   native: #02 pc 00000000008a32fa  /apex/com.android.art/lib64/libart.so (art::DumpCheckpoint::Run(art::Thread*)+1082)
06-30 05:47:09.519 18988 18988 F com.cccs.xxjz: runtime.cc:669]   native: #03 pc 000000000088359b  /apex/com.android.art/lib64/libart.so (art::Thread::RunCheckpointFunction()+171)
06-30 05:47:09.519 18988 18988 F com.cccs.xxjz: runtime.cc:669]   native: #04 pc 000000000065b9ae  /apex/com.android.art/lib64/libart.so (art::JNI<false>::CallStaticObjectMethodV(_JNIEnv*, _jclass*, _jmethodID*, __va_list_tag*)+1166)
06-30 05:47:09.519 18988 18988 F com.cccs.xxjz: runtime.cc:669]   native: #05 pc 00000000000157f4  /apex/com.android.art/lib64/libjavacore.so (_JNIEnv::CallStaticObjectMethod(_jclass*, _jmethodID*, ...)+164)
06-30 05:47:09.519 18988 18988 F com.cccs.xxjz: runtime.cc:669]   native: #06 pc 0000000000015528  /apex/com.android.art/lib64/libjavacore.so (sockaddrToInetAddress(_JNIEnv*, sockaddr_storage const&, int*)+328)
06-30 05:47:09.519 18988 18988 F com.cccs.xxjz: runtime.cc:669]   native: #07 pc 00000000000243b3  /apex/com.android.art/lib64/libjavacore.so (Linux_android_getaddrinfo(_JNIEnv*, _jobject*, _jstring*, _jobject*, int)+739)
06-30 05:47:09.519 18988 18988 F com.cccs.xxjz: runtime.cc:669]   at libcore.io.Linux.android_getaddrinfo(Native method)
06-30 05:47:09.519 18988 18988 F com.cccs.xxjz: runtime.cc:669]   at libcore.io.ForwardingOs.android_getaddrinfo(ForwardingOs.java:136)
06-30 05:47:09.519 18988 18988 F com.cccs.xxjz: runtime.cc:669]   at libcore.io.BlockGuardOs.android_getaddrinfo(BlockGuardOs.java:221)
06-30 05:47:09.519 18988 18988 F com.cccs.xxjz: runtime.cc:669]   at libcore.io.ForwardingOs.android_getaddrinfo(ForwardingOs.java:136)
06-30 05:47:09.519 18988 18988 F com.cccs.xxjz: runtime.cc:669]   at java.net.Inet6AddressImpl.lookupHostByName(Inet6AddressImpl.java:135)
06-30 05:47:09.519 18988 18988 F com.cccs.xxjz: runtime.cc:669]   at java.net.Inet6AddressImpl.lookupAllHostAddr(Inet6AddressImpl.java:103)
06-30 05:47:09.519 18988 18988 F com.cccs.xxjz: runtime.cc:669]   at java.net.InetAddress.getAllByName(InetAddress.java:1152)
06-30 05:47:09.519 18988 18988 F com.cccs.xxjz: runtime.cc:669]   at bykvm_19do.bykvm_19do.bykvm_for12.bykvm_19do.bykvm_19do.bykvm_if122.bykvm_if122.o$a.a(Dns.java:1)
06-30 05:47:09.519 18988 18988 F com.cccs.xxjz: runtime.cc:669]   at bykvm_19do.bykvm_19do.bykvm_for12.bykvm_19do.bykvm_19do.bykvm_if122.bykvm_if122.bykvm_19do.bykvm_if122.f.a(RouteSelector.java:62)
06-30 05:47:09.519 18988 18988 F com.cccs.xxjz: runtime.cc:669]   at bykvm_19do.bykvm_19do.bykvm_for12.bykvm_19do.bykvm_19do.bykvm_if122.bykvm_if122.bykvm_19do.bykvm_if122.f.d(RouteSelector.java:6)
06-30 05:47:09.519 18988 18988 F com.cccs.xxjz: runtime.cc:669]   at bykvm_19do.bykvm_19do.bykvm_for12.bykvm_19do.bykvm_19do.bykvm_if122.bykvm_if122.bykvm_19do.bykvm_if122.f.b(RouteSelector.java:11)
06-30 05:47:09.519 18988 18988 F com.cccs.xxjz: runtime.cc:669]   at bykvm_19do.bykvm_19do.bykvm_for12.bykvm_19do.bykvm_19do.bykvm_if122.bykvm_if122.bykvm_19do.bykvm_if122.g.a(StreamAllocation.java:79)
06-30 05:47:09.519 18988 18988 F com.cccs.xxjz: runtime.cc:669]   at bykvm_19do.bykvm_19do.bykvm_for12.bykvm_19do.bykvm_19do.bykvm_if122.bykvm_if122.bykvm_19do.bykvm_if122.g.a(StreamAllocation.java:17)
06-30 05:47:09.519 18988 18988 F com.cccs.xxjz: runtime.cc:669]   at bykvm_19do.bykvm_19do.bykvm_for12.bykvm_19do.bykvm_19do.bykvm_if122.bykvm_if122.bykvm_19do.bykvm_if122.g.a(StreamAllocation.java:7)
06-30 05:47:09.519 18988 18988 F com.cccs.xxjz: runtime.cc:669]   at bykvm_19do.bykvm_19do.bykvm_for12.bykvm_19do.bykvm_19do.bykvm_if122.bykvm_if122.bykvm_19do.bykvm_if122.a.a(ConnectInterceptor.java:7)
06-30 05:47:09.519 18988 18988 F com.cccs.xxjz: runtime.cc:669]   at bykvm_19do.bykvm_19do.bykvm_for12.bykvm_19do.bykvm_19do.bykvm_if122.bykvm_if122.bykvm_19do.bykvm_for12.g.a(RealInterceptorChain.java:24)
06-30 05:47:09.519 18988 18988 F com.cccs.xxjz: runtime.cc:669]   at bykvm_19do.bykvm_19do.bykvm_for12.bykvm_19do.bykvm_19do.bykvm_if122.bykvm_if122.bykvm_19do.bykvm_for12.g.a(RealInterceptorChain.java:2)
06-30 05:47:09.519 18988 18988 F com.cccs.xxjz: runtime.cc:669]   at bykvm_19do.bykvm_19do.bykvm_for12.bykvm_19do.bykvm_19do.bykvm_if122.bykvm_if122.bykvm_19do.bykvm_19do.a.a(CacheInterceptor.java:41)
06-30 05:47:09.519 18988 18988 F com.cccs.xxjz: runtime.cc:669]   at bykvm_19do.bykvm_19do.bykvm_for12.bykvm_19do.bykvm_19do.bykvm_if122.bykvm_if122.bykvm_19do.bykvm_for12.g.a(RealInterceptorChain.java:24)
06-30 05:47:09.519 18988 18988 F com.cccs.xxjz: runtime.cc:669]   at bykvm_19do.bykvm_19do.bykvm_for12.bykvm_19do.bykvm_19do.bykvm_if122.bykvm_if122.bykvm_19do.bykvm_for12.g.a(RealInterceptorChain.java:2)
06-30 05:47:09.519 18988 18988 F com.cccs.xxjz: runtime.cc:669]   at bykvm_19do.bykvm_19do.bykvm_for12.bykvm_19do.bykvm_19do.bykvm_if122.bykvm_if122.bykvm_19do.bykvm_for12.a.a(BridgeInterceptor.java:46)
06-30 05:47:09.519 18988 18988 F com.cccs.xxjz: runtime.cc:669]   at bykvm_19do.bykvm_19do.bykvm_for12.bykvm_19do.bykvm_19do.bykvm_if122.bykvm_if122.bykvm_19do.bykvm_for12.g.a(RealInterceptorChain.java:24)
06-30 05:47:09.519 18988 18988 F com.cccs.xxjz: runtime.cc:669]   at bykvm_19do.bykvm_19do.bykvm_for12.bykvm_19do.bykvm_19do.bykvm_if122.bykvm_if122.bykvm_19do.bykvm_for12.j.a(RetryAndFollowUpInterceptor.java:22)
06-30 05:47:09.519 18988 18988 F com.cccs.xxjz: runtime.cc:669]   at bykvm_19do.bykvm_19do.bykvm_for12.bykvm_19do.bykvm_19do.bykvm_if122.bykvm_if122.bykvm_19do.bykvm_for12.g.a(RealInterceptorChain.java:24)
06-30 05:47:09.519 18988 18988 F com.cccs.xxjz: runtime.cc:669]   at bykvm_19do.bykvm_19do.bykvm_for12.bykvm_19do.bykvm_19do.bykvm_if122.bykvm_if122.bykvm_19do.bykvm_for12.g.a(RealInterceptorChain.java:2)
06-30 05:47:09.519 18988 18988 F com.cccs.xxjz: runtime.cc:669]   at bykvm_19do.bykvm_19do.bykvm_for12.bykvm_19do.bykvm_19do.bykvm_for12.bykvm_for12.g.a(TncHostInterceptor.java:13)
06-30 05:47:09.519 18988 18988 F com.cccs.xxjz: runtime.cc:669]   at bykvm_19do.bykvm_19do.bykvm_for12.bykvm_19do.bykvm_19do.bykvm_if122.bykvm_if122.bykvm_19do.bykvm_for12.g.a(RealInterceptorChain.java:24)
06-30 05:47:09.519 18988 18988 F com.cccs.xxjz: runtime.cc:669]   at bykvm_19do.bykvm_19do.bykvm_for12.bykvm_19do.bykvm_19do.bykvm_if122.bykvm_if122.bykvm_19do.bykvm_for12.g.a(RealInterceptorChain.java:2)
06-30 05:47:09.519 18988 18988 F com.cccs.xxjz: runtime.cc:669]   at bykvm_19do.bykvm_19do.bykvm_for12.bykvm_19do.bykvm_19do.bykvm_if122.bykvm_if122.x.a(RealCall.java:28)
06-30 05:47:09.519 18988 18988 F com.cccs.xxjz: runtime.cc:669]   at bykvm_19do.bykvm_19do.bykvm_for12.bykvm_19do.bykvm_19do.bykvm_if122.bykvm_if122.x$a.b(RealCall.java:1)
06-30 05:47:09.519 18988 18988 F com.cccs.xxjz: runtime.cc:669]   at bykvm_19do.bykvm_19do.bykvm_for12.bykvm_19do.bykvm_19do.bykvm_if122.bykvm_if122.bykvm_19do.b.run(NamedRunnable.java:4)
06-30 05:47:09.519 18988 18988 F com.cccs.xxjz: runtime.cc:669]   at java.util.concurrent.ThreadPoolExecutor.runWorker(ThreadPoolExecutor.java:1167)
